Component: ARM Compiler 5.06 update 7 (build 960) Tool: armlink [4d3601]

==============================================================================

Section Cross References

    main.o(i.SystemClock_Config) refers to stm32f4xx_rcc.o(i.RCC_DeInit) for RCC_DeInit
    main.o(i.SystemClock_Config) refers to stm32f4xx_rcc.o(i.RCC_HSEConfig) for RCC_HSEConfig
    main.o(i.SystemClock_Config) refers to stm32f4xx_rcc.o(i.RCC_WaitForHSEStartUp) for RCC_WaitForHSEStartUp
    main.o(i.SystemClock_Config) refers to stm32f4xx_rcc.o(i.RCC_PLLConfig) for RCC_PLLConfig
    main.o(i.SystemClock_Config) refers to stm32f4xx_rcc.o(i.RCC_PLLCmd) for RCC_PLLCmd
    main.o(i.SystemClock_Config) refers to stm32f4xx_rcc.o(i.RCC_GetFlagStatus) for RCC_GetFlagStatus
    main.o(i.SystemClock_Config) refers to stm32f4xx_flash.o(i.FLASH_SetLatency) for FLASH_SetLatency
    main.o(i.SystemClock_Config) refers to stm32f4xx_rcc.o(i.RCC_HCLKConfig) for RCC_HCLKConfig
    main.o(i.SystemClock_Config) refers to stm32f4xx_rcc.o(i.RCC_PCLK1Config) for RCC_PCLK1Config
    main.o(i.SystemClock_Config) refers to stm32f4xx_rcc.o(i.RCC_PCLK2Config) for RCC_PCLK2Config
    main.o(i.SystemClock_Config) refers to stm32f4xx_rcc.o(i.RCC_SYSCLKConfig) for RCC_SYSCLKConfig
    main.o(i.SystemClock_Config) refers to system_stm32f4xx_1.o(i.SystemCoreClockUpdate) for SystemCoreClockUpdate
    main.o(i.main) refers to main.o(i.SystemClock_Config) for SystemClock_Config
    main.o(i.main) refers to gps_handler.o(i.UART_GPS_Config) for UART_GPS_Config
    main.o(i.main) refers to access_gui.o(i.UART_GUI_Config) for UART_GUI_Config
    main.o(i.main) refers to lte_handler.o(i.UART_LTE_Config) for UART_LTE_Config
    main.o(i.main) refers to sign.o(i.LEDConfig) for LEDConfig
    main.o(i.main) refers to lte_handler.o(i.TIM7_Config) for TIM7_Config
    main.o(i.main) refers to lte_handler.o(i.TIM2_InitModuleSim_Config) for TIM2_InitModuleSim_Config
    main.o(i.main) refers to lte_handler.o(i.accessToRxBuffSimTIMCofig) for accessToRxBuffSimTIMCofig
    gps_handler.o(i.DMA1_Stream1_IRQHandler) refers to stm32f4xx_dma.o(i.DMA_GetITStatus) for DMA_GetITStatus
    gps_handler.o(i.DMA1_Stream1_IRQHandler) refers to stm32f4xx_dma.o(i.DMA_ClearITPendingBit) for DMA_ClearITPendingBit
    gps_handler.o(i.DMA1_Stream1_IRQHandler) refers to gps_handler.o(i.checkDataIn) for checkDataIn
    gps_handler.o(i.DMA1_Stream1_IRQHandler) refers to gps_handler.o(.bss) for rxBufferGPS
    gps_handler.o(i.GPGLL_analysis) refers to stm32f4xx_gpio.o(i.GPIO_SetBits) for GPIO_SetBits
    gps_handler.o(i.GPRMC_analysis) refers to dflt_clz.o(x$fpl$dflt) for __aeabi_i2d
    gps_handler.o(i.GPRMC_analysis) refers to ddiv.o(x$fpl$ddiv) for __aeabi_ddiv
    gps_handler.o(i.GPRMC_analysis) refers to dmul.o(x$fpl$dmul) for __aeabi_dmul
    gps_handler.o(i.GPRMC_analysis) refers to daddsub_clz.o(x$fpl$dadd) for __aeabi_dadd
    gps_handler.o(i.UART_GPS_Config) refers to stm32f4xx_rcc.o(i.RCC_AHB1PeriphClockCmd) for RCC_AHB1PeriphClockCmd
    gps_handler.o(i.UART_GPS_Config) refers to stm32f4xx_gpio.o(i.GPIO_Init) for GPIO_Init
    gps_handler.o(i.UART_GPS_Config) refers to stm32f4xx_gpio.o(i.GPIO_PinAFConfig) for GPIO_PinAFConfig
    gps_handler.o(i.UART_GPS_Config) refers to stm32f4xx_rcc.o(i.RCC_APB1PeriphClockCmd) for RCC_APB1PeriphClockCmd
    gps_handler.o(i.UART_GPS_Config) refers to stm32f4xx_usart.o(i.USART_Init) for USART_Init
    gps_handler.o(i.UART_GPS_Config) refers to stm32f4xx_usart.o(i.USART_Cmd) for USART_Cmd
    gps_handler.o(i.UART_GPS_Config) refers to stm32f4xx_usart.o(i.USART_DMACmd) for USART_DMACmd
    gps_handler.o(i.UART_GPS_Config) refers to stm32f4xx_dma.o(i.DMA_Init) for DMA_Init
    gps_handler.o(i.UART_GPS_Config) refers to stm32f4xx_dma.o(i.DMA_Cmd) for DMA_Cmd
    gps_handler.o(i.UART_GPS_Config) refers to misc.o(i.NVIC_Init) for NVIC_Init
    gps_handler.o(i.UART_GPS_Config) refers to stm32f4xx_dma.o(i.DMA_ITConfig) for DMA_ITConfig
    gps_handler.o(i.UART_GPS_Config) refers to gps_handler.o(.bss) for txBufferGPS
    gps_handler.o(i.UART_Transmit) refers to stm32f4xx_usart.o(i.USART_GetFlagStatus) for USART_GetFlagStatus
    gps_handler.o(i.UART_Transmit) refers to stm32f4xx_usart.o(i.USART_SendData) for USART_SendData
    gps_handler.o(i.UART_WriteChar) refers to stm32f4xx_usart.o(i.USART_SendData) for USART_SendData
    gps_handler.o(i.UART_WriteChar) refers to stm32f4xx_usart.o(i.USART_GetFlagStatus) for USART_GetFlagStatus
    gps_handler.o(i.checkDataIn) refers to gps_handler.o(i.GPGLL_analysis) for GPGLL_analysis
    gps_handler.o(i.checkDataIn) refers to access_gui.o(i.sendGPSDataToGUI) for sendGPSDataToGUI
    gps_handler.o(i.checkDataIn) refers to stm32f4xx_dma.o(i.DMA_Cmd) for DMA_Cmd
    gps_handler.o(i.checkDataIn) refers to gps_handler.o(i.checkSpareDataAfterEnDMARx) for checkSpareDataAfterEnDMARx
    gps_handler.o(i.checkDataIn) refers to gps_handler.o(.bss) for rawLtnInfo
[...]
    Removing stm32f4xx_rcc.o(i.RCC_ClearITPendingBit), (12 bytes).
    Removing stm32f4xx_rcc.o(i.RCC_ClockSecuritySystemCmd), (12 bytes).
    Removing stm32f4xx_rcc.o(i.RCC_GetITStatus), (24 bytes).
    Removing stm32f4xx_rcc.o(i.RCC_GetSYSCLKSource), (16 bytes).
    Removing stm32f4xx_rcc.o(i.RCC_HSICmd), (12 bytes).
    Removing stm32f4xx_rcc.o(i.RCC_I2SCLKConfig), (12 bytes).
    Removing stm32f4xx_rcc.o(i.RCC_ITConfig), (32 bytes).
    Removing stm32f4xx_rcc.o(i.RCC_LSEConfig), (44 bytes).
    Removing stm32f4xx_rcc.o(i.RCC_LSEModeConfig), (36 bytes).
    Removing stm32f4xx_rcc.o(i.RCC_LSICmd), (12 bytes).
    Removing stm32f4xx_rcc.o(i.RCC_LTDCCLKDivConfig), (24 bytes).
    Removing stm32f4xx_rcc.o(i.RCC_MCO1Config), (28 bytes).
    Removing stm32f4xx_rcc.o(i.RCC_MCO2Config), (28 bytes).
    Removing stm32f4xx_rcc.o(i.RCC_PLLI2SCmd), (12 bytes).
    Removing stm32f4xx_rcc.o(i.RCC_PLLI2SConfig), (16 bytes).
    Removing stm32f4xx_rcc.o(i.RCC_PLLSAICmd), (12 bytes).
    Removing stm32f4xx_rcc.o(i.RCC_PLLSAIConfig), (24 bytes).
    Removing stm32f4xx_rcc.o(i.RCC_RTCCLKCmd), (12 bytes).
    Removing stm32f4xx_rcc.o(i.RCC_RTCCLKConfig), (60 bytes).
    Removing stm32f4xx_rcc.o(i.RCC_SAIBlockACLKConfig), (24 bytes).
    Removing stm32f4xx_rcc.o(i.RCC_SAIBlockBCLKConfig), (24 bytes).
    Removing stm32f4xx_rcc.o(i.RCC_SAIPLLI2SClkDivConfig), (28 bytes).
    Removing stm32f4xx_rcc.o(i.RCC_SAIPLLSAIClkDivConfig), (28 bytes).
    Removing stm32f4xx_rcc.o(i.RCC_TIMCLKPresConfig), (12 bytes).
    Removing stm32f4xx_tim.o(.rev16_text), (4 bytes).
    Removing stm32f4xx_tim.o(.revsh_text), (4 bytes).
    Removing stm32f4xx_tim.o(.rrx_text), (6 bytes).
    Removing stm32f4xx_tim.o(i.TI1_Config), (58 bytes).
    Removing stm32f4xx_tim.o(i.TI2_Config), (80 bytes).
    Removing stm32f4xx_tim.o(i.TI3_Config), (72 bytes).
    Removing stm32f4xx_tim.o(i.TI4_Config), (80 bytes).
    Removing stm32f4xx_tim.o(i.TIM_ARRPreloadConfig), (24 bytes).
    Removing stm32f4xx_tim.o(i.TIM_BDTRConfig), (32 bytes).
    Removing stm32f4xx_tim.o(i.TIM_BDTRStructInit), (18 bytes).
    Removing stm32f4xx_tim.o(i.TIM_CCPreloadControl), (24 bytes).
    Removing stm32f4xx_tim.o(i.TIM_CCxCmd), (30 bytes).
    Removing stm32f4xx_tim.o(i.TIM_CCxNCmd), (30 bytes).
    Removing stm32f4xx_tim.o(i.TIM_ClearFlag), (6 bytes).
    Removing stm32f4xx_tim.o(i.TIM_ClearOC1Ref), (18 bytes).
    Removing stm32f4xx_tim.o(i.TIM_ClearOC2Ref), (24 bytes).
    Removing stm32f4xx_tim.o(i.TIM_ClearOC3Ref), (18 bytes).
    Removing stm32f4xx_tim.o(i.TIM_ClearOC4Ref), (24 bytes).
    Removing stm32f4xx_tim.o(i.TIM_CounterModeConfig), (18 bytes).
    Removing stm32f4xx_tim.o(i.TIM_CtrlPWMOutputs), (30 bytes).
    Removing stm32f4xx_tim.o(i.TIM_DMACmd), (18 bytes).
    Removing stm32f4xx_tim.o(i.TIM_DMAConfig), (10 bytes).
    Removing stm32f4xx_tim.o(i.TIM_DeInit), (400 bytes).
    Removing stm32f4xx_tim.o(i.TIM_ETRClockMode1Config), (54 bytes).
    Removing stm32f4xx_tim.o(i.TIM_ETRClockMode2Config), (32 bytes).
    Removing stm32f4xx_tim.o(i.TIM_ETRConfig), (28 bytes).
    Removing stm32f4xx_tim.o(i.TIM_EncoderInterfaceConfig), (66 bytes).
    Removing stm32f4xx_tim.o(i.TIM_ForcedOC1Config), (18 bytes).
    Removing stm32f4xx_tim.o(i.TIM_ForcedOC2Config), (26 bytes).
    Removing stm32f4xx_tim.o(i.TIM_ForcedOC3Config), (18 bytes).
    Removing stm32f4xx_tim.o(i.TIM_ForcedOC4Config), (26 bytes).
    Removing stm32f4xx_tim.o(i.TIM_GenerateEvent), (4 bytes).
    Removing stm32f4xx_tim.o(i.TIM_GetCapture1), (6 bytes).
    Removing stm32f4xx_tim.o(i.TIM_GetCapture2), (6 bytes).
    Removing stm32f4xx_tim.o(i.TIM_GetCapture3), (6 bytes).
    Removing stm32f4xx_tim.o(i.TIM_GetCapture4), (6 bytes).
    Removing stm32f4xx_tim.o(i.TIM_GetCounter), (6 bytes).
    Removing stm32f4xx_tim.o(i.TIM_GetFlagStatus), (18 bytes).
    Removing stm32f4xx_tim.o(i.TIM_GetPrescaler), (6 bytes).
    Removing stm32f4xx_tim.o(i.TIM_ICInit), (110 bytes).
    Removing stm32f4xx_tim.o(i.TIM_ICStructInit), (18 bytes).
    Removing stm32f4xx_tim.o(i.TIM_ITRxExternalClockConfig), (24 bytes).
    Removing stm32f4xx_tim.o(i.TIM_InternalClockConfig), (12 bytes).
    Removing stm32f4xx_tim.o(i.TIM_OC1FastConfig), (18 bytes).
    Removing stm32f4xx_tim.o(i.TIM_OC1Init), (124 bytes).
    Removing stm32f4xx_tim.o(i.TIM_OC1NPolarityConfig), (18 bytes).
    Removing stm32f4xx_tim.o(i.TIM_OC1PolarityConfig), (18 bytes).
    Removing stm32f4xx_tim.o(i.TIM_OC1PreloadConfig), (18 bytes).
    Removing stm32f4xx_tim.o(i.TIM_OC2FastConfig), (26 bytes).
    Removing stm32f4xx_tim.o(i.TIM_OC2Init), (164 bytes).
    Removing stm32f4xx_tim.o(i.TIM_OC2NPolarityConfig), (26 bytes).
    Removing stm32f4xx_tim.o(i.TIM_OC2PolarityConfig), (26 bytes).
    Removing stm32f4xx_tim.o(i.TIM_OC2PreloadConfig), (26 bytes).
    Removing stm32f4xx_tim.o(i.TIM_OC3FastConfig), (18 bytes).
    Removing stm32f4xx_tim.o(i.TIM_OC3Init), (160 bytes).
    Removing stm32f4xx_tim.o(i.TIM_OC3NPolarityConfig), (26 bytes).
    Removing stm32f4xx_tim.o(i.TIM_OC3PolarityConfig), (26 bytes).
    Removing stm32f4xx_tim.o(i.TIM_OC3PreloadConfig), (18 bytes).
    Removing stm32f4xx_tim.o(i.TIM_OC4FastConfig), (26 bytes).
    Removing stm32f4xx_tim.o(i.TIM_OC4Init), (120 bytes).
    Removing stm32f4xx_tim.o(i.TIM_OC4PolarityConfig), (26 bytes).
    Removing stm32f4xx_tim.o(i.TIM_OC4PreloadConfig), (26 bytes).
    Removing stm32f4xx_tim.o(i.TIM_OCStructInit), (20 bytes).
    Removing stm32f4xx_tim.o(i.TIM_PWMIConfig), (124 bytes).
    Removing stm32f4xx_tim.o(i.TIM_PrescalerConfig), (6 bytes).
    Removing stm32f4xx_tim.o(i.TIM_RemapConfig), (6 bytes).
    Removing stm32f4xx_tim.o(i.TIM_SelectCCDMA), (24 bytes).
    Removing stm32f4xx_tim.o(i.TIM_SelectCOM), (24 bytes).
    Removing stm32f4xx_tim.o(i.TIM_SelectHallSensor), (24 bytes).
    Removing stm32f4xx_tim.o(i.TIM_SelectInputTrigger), (18 bytes).
    Removing stm32f4xx_tim.o(i.TIM_SelectMasterSlaveMode), (18 bytes).
    Removing stm32f4xx_tim.o(i.TIM_SelectOCxM), (86 bytes).
    Removing stm32f4xx_tim.o(i.TIM_SelectOnePulseMode), (18 bytes).
    Removing stm32f4xx_tim.o(i.TIM_SelectOutputTrigger), (18 bytes).
    Removing stm32f4xx_tim.o(i.TIM_SelectSlaveMode), (18 bytes).
    Removing stm32f4xx_tim.o(i.TIM_SetAutoreload), (4 bytes).
    Removing stm32f4xx_tim.o(i.TIM_SetClockDivision), (18 bytes).
    Removing stm32f4xx_tim.o(i.TIM_SetCompare1), (4 bytes).
    Removing stm32f4xx_tim.o(i.TIM_SetCompare2), (4 bytes).
    Removing stm32f4xx_tim.o(i.TIM_SetCompare3), (4 bytes).
    Removing stm32f4xx_tim.o(i.TIM_SetCompare4), (4 bytes).
    Removing stm32f4xx_tim.o(i.TIM_SetIC1Prescaler), (18 bytes).
    Removing stm32f4xx_tim.o(i.TIM_SetIC2Prescaler), (26 bytes).
    Removing stm32f4xx_tim.o(i.TIM_SetIC3Prescaler), (18 bytes).
    Removing stm32f4xx_tim.o(i.TIM_SetIC4Prescaler), (26 bytes).
    Removing stm32f4xx_tim.o(i.TIM_TIxExternalClockConfig), (62 bytes).
    Removing stm32f4xx_tim.o(i.TIM_TimeBaseStructInit), (18 bytes).
    Removing stm32f4xx_tim.o(i.TIM_UpdateDisableConfig), (24 bytes).
    Removing stm32f4xx_tim.o(i.TIM_UpdateRequestConfig), (24 bytes).
    Removing stm32f4xx_usart.o(.rev16_text), (4 bytes).
    Removing stm32f4xx_usart.o(.revsh_text), (4 bytes).
    Removing stm32f4xx_usart.o(.rrx_text), (6 bytes).
    Removing stm32f4xx_usart.o(i.USART_ClearFlag), (18 bytes).
    Removing stm32f4xx_usart.o(i.USART_ClearITPendingBit), (30 bytes).
    Removing stm32f4xx_usart.o(i.USART_ClockInit), (32 bytes).
    Removing stm32f4xx_usart.o(i.USART_ClockStructInit), (12 bytes).
    Removing stm32f4xx_usart.o(i.USART_DeInit), (240 bytes).
    Removing stm32f4xx_usart.o(i.USART_GetITStatus), (84 bytes).
    Removing stm32f4xx_usart.o(i.USART_HalfDuplexCmd), (24 bytes).
    Removing stm32f4xx_usart.o(i.USART_ITConfig), (74 bytes).
    Removing stm32f4xx_usart.o(i.USART_IrDACmd), (24 bytes).
    Removing stm32f4xx_usart.o(i.USART_IrDAConfig), (18 bytes).
    Removing stm32f4xx_usart.o(i.USART_LINBreakDetectLengthConfig), (18 bytes).
    Removing stm32f4xx_usart.o(i.USART_LINCmd), (24 bytes).
    Removing stm32f4xx_usart.o(i.USART_OneBitMethodCmd), (24 bytes).
    Removing stm32f4xx_usart.o(i.USART_OverSampling8Cmd), (22 bytes).
    Removing stm32f4xx_usart.o(i.USART_ReceiveData), (10 bytes).
    Removing stm32f4xx_usart.o(i.USART_ReceiverWakeUpCmd), (24 bytes).
    Removing stm32f4xx_usart.o(i.USART_SendBreak), (10 bytes).
    Removing stm32f4xx_usart.o(i.USART_SetAddress), (18 bytes).
    Removing stm32f4xx_usart.o(i.USART_SetGuardTime), (16 bytes).
    Removing stm32f4xx_usart.o(i.USART_SetPrescaler), (16 bytes).
    Removing stm32f4xx_usart.o(i.USART_SmartCardCmd), (24 bytes).
    Removing stm32f4xx_usart.o(i.USART_SmartCardNACKCmd), (24 bytes).
    Removing stm32f4xx_usart.o(i.USART_StructInit), (24 bytes).
    Removing stm32f4xx_usart.o(i.USART_WakeUpConfig), (18 bytes).
    Removing stm32f4xx_flash.o(.rev16_text), (4 bytes).
    Removing stm32f4xx_flash.o(.revsh_text), (4 bytes).
    Removing stm32f4xx_flash.o(.rrx_text), (6 bytes).
    Removing stm32f4xx_flash.o(i.FLASH_ClearFlag), (12 bytes).
    Removing stm32f4xx_flash.o(i.FLASH_DataCacheCmd), (36 bytes).
    Removing stm32f4xx_flash.o(i.FLASH_DataCacheReset), (20 bytes).
    Removing stm32f4xx_flash.o(i.FLASH_EraseAllBank1Sectors), (108 bytes).
    Removing stm32f4xx_flash.o(i.FLASH_EraseAllBank2Sectors), (108 bytes).
    Removing stm32f4xx_flash.o(i.FLASH_EraseAllSectors), (108 bytes).
    Removing stm32f4xx_flash.o(i.FLASH_EraseSector), (136 bytes).
    Removing stm32f4xx_flash.o(i.FLASH_GetFlagStatus), (24 bytes).
    Removing stm32f4xx_flash.o(i.FLASH_GetStatus), (84 bytes).
    Removing stm32f4xx_flash.o(i.FLASH_ITConfig), (32 bytes).
    Removing stm32f4xx_flash.o(i.FLASH_InstructionCacheCmd), (36 bytes).
    Removing stm32f4xx_flash.o(i.FLASH_InstructionCacheReset), (20 bytes).
    Removing stm32f4xx_flash.o(i.FLASH_Lock), (20 bytes).
    Removing stm32f4xx_flash.o(i.FLASH_OB_BORConfig), (28 bytes).
    Removing stm32f4xx_flash.o(i.FLASH_OB_BootConfig), (28 bytes).
    Removing stm32f4xx_flash.o(i.FLASH_OB_GetBOR), (16 bytes).
    Removing stm32f4xx_flash.o(i.FLASH_OB_GetPCROP), (12 bytes).
    Removing stm32f4xx_flash.o(i.FLASH_OB_GetPCROP1), (12 bytes).
    Removing stm32f4xx_flash.o(i.FLASH_OB_GetRDP), (24 bytes).
    Removing stm32f4xx_flash.o(i.FLASH_OB_GetUser), (16 bytes).
    Removing stm32f4xx_flash.o(i.FLASH_OB_GetWRP), (12 bytes).
    Removing stm32f4xx_flash.o(i.FLASH_OB_GetWRP1), (12 bytes).
    Removing stm32f4xx_flash.o(i.FLASH_OB_Launch), (32 bytes).
    Removing stm32f4xx_flash.o(i.FLASH_OB_Lock), (20 bytes).
    Removing stm32f4xx_flash.o(i.FLASH_OB_PCROP1Config), (52 bytes).
    Removing stm32f4xx_flash.o(i.FLASH_OB_PCROPConfig), (52 bytes).
    Removing stm32f4xx_flash.o(i.FLASH_OB_PCROPSelectionConfig), (24 bytes).
    Removing stm32f4xx_flash.o(i.FLASH_OB_RDPConfig), (28 bytes).
    Removing stm32f4xx_flash.o(i.FLASH_OB_Unlock), (36 bytes).
    Removing stm32f4xx_flash.o(i.FLASH_OB_UserConfig), (48 bytes).
    Removing stm32f4xx_flash.o(i.FLASH_OB_WRP1Config), (52 bytes).
    Removing stm32f4xx_flash.o(i.FLASH_OB_WRPConfig), (52 bytes).
    Removing stm32f4xx_flash.o(i.FLASH_PrefetchBufferCmd), (36 bytes).
    Removing stm32f4xx_flash.o(i.FLASH_ProgramByte), (76 bytes).
    Removing stm32f4xx_flash.o(i.FLASH_ProgramDoubleWord), (84 bytes).
    Removing stm32f4xx_flash.o(i.FLASH_ProgramHalfWord), (80 bytes).
    Removing stm32f4xx_flash.o(i.FLASH_ProgramWord), (80 bytes).
    Removing stm32f4xx_flash.o(i.FLASH_Unlock), (36 bytes).
    Removing stm32f4xx_flash.o(i.FLASH_WaitForLastOperation), (34 bytes).
    Removing system_stm32f4xx_1.o(.rev16_text), (4 bytes).
    Removing system_stm32f4xx_1.o(.revsh_text), (4 bytes).
    Removing system_stm32f4xx_1.o(.rrx_text), (6 bytes).

274 unused section(s) (total 9534 bytes) removed from the image.

==============================================================================

Image Symbol Table

    Local Symbols

    Symbol Name                              Value     Ov Type        Size  Object(Section)

    ../clib/angel/boardlib.s                 0x00000000   Number         0  boardshut.o ABSOLUTE
    ../clib/angel/boardlib.s                 0x00000000   Number         0  boardinit2.o ABSOLUTE
    ../clib/angel/boardlib.s                 0x00000000   Number         0  boardinit1.o ABSOLUTE
    ../clib/angel/boardlib.s                 0x00000000   Number         0  boardinit3.o ABSOLUTE
    ../clib/angel/handlers.s                 0x00000000   Number         0  __scatter_copy.o ABSOLUTE
    ../clib/angel/handlers.s                 0x00000000   Number         0  __scatter_zi.o ABSOLUTE
    ../clib/angel/kernel.s                   0x00000000   Number         0  rtexit.o ABSOLUTE
    ../clib/angel/kernel.s                   0x00000000   Number         0  __rtentry4.o ABSOLUTE
    ../clib/angel/kernel.s                   0x00000000   Number         0  rtexit2.o ABSOLUTE
    ../clib/angel/kernel.s                   0x00000000   Number         0  __rtentry.o ABSOLUTE
    ../clib/angel/kernel.s                   0x00000000   Number         0  __rtentry2.o ABSOLUTE
    ../clib/angel/rt.s                       0x00000000   Number         0  rt_raise.o ABSOLUTE
    ../clib/angel/scatter.s                  0x00000000   Number         0  __scatter.o ABSOLUTE
    ../clib/angel/startup.s                  0x00000000   Number         0  __main.o ABSOLUTE
    ../clib/angel/sys.s                      0x00000000   Number         0  sys_stackheap_outer.o ABSOLUTE
    ../clib/angel/sys.s                      0x00000000   Number         0  indicate_semi.o ABSOLUTE
    ../clib/angel/sys.s                      0x00000000   Number         0  libspace.o ABSOLUTE
    ../clib/angel/sys.s                      0x00000000   Number         0  use_no_semi.o ABSOLUTE
    ../clib/angel/sysapp.c                   0x00000000   Number         0  sys_exit.o ABSOLUTE
    ../clib/angel/sysapp.c                   0x00000000   Number         0  sys_wrch.o ABSOLUTE
    ../clib/angel/sysapp.c                   0x00000000   Number         0  sys_command.o ABSOLUTE
    ../clib/arm_runtime.c                    0x00000000   Number         0  init_aeabi.o ABSOLUTE
    ../clib/arm_runtime.c                    0x00000000   Number         0  init_aeabi.o ABSOLUTE
    ../clib/armsys.c                         0x00000000   Number         0  argv_veneer.o ABSOLUTE
    ../clib/armsys.c                         0x00000000   Number         0  argv_veneer.o ABSOLUTE
    ../clib/armsys.c                         0x00000000   Number         0  _get_argv_nomalloc.o ABSOLUTE
    ../clib/armsys.c                         0x00000000   Number         0  no_argv.o ABSOLUTE
    ../clib/heapalloc.c                      0x00000000   Number         0  hrguard.o ABSOLUTE
    ../clib/heapaux.c                        0x00000000   Number         0  heapauxi.o ABSOLUTE
    ../clib/libinit.s                        0x00000000   Number         0  libshutdown.o ABSOLUTE
    ../clib/libinit.s                        0x00000000   Number         0  libinit2.o ABSOLUTE
    ../clib/libinit.s                        0x00000000   Number         0  libshutdown2.o ABSOLUTE
    ../clib/libinit.s                        0x00000000   Number         0  libinit.o ABSOLUTE
    ../clib/memcpset.s                       0x00000000   Number         0  rt_memcpy_v6.o ABSOLUTE
    ../clib/memcpset.s                       0x00000000   Number         0  rt_memclr.o ABSOLUTE
    ../clib/memcpset.s                       0x00000000   Number         0  rt_memcpy_w.o ABSOLUTE
    ../clib/memcpset.s                       0x00000000   Number         0  rt_memclr_w.o ABSOLUTE
    ../clib/signal.c                         0x00000000   Number         0  defsig_pvfn_inner.o ABSOLUTE
    ../clib/signal.c                         0x00000000   Number         0  defsig_rtmem_outer.o ABSOLUTE
    ../clib/signal.c                         0x00000000   Number         0  defsig_stak_inner.o ABSOLUTE
    ../clib/signal.c                         0x00000000   Number         0  defsig_rtred_inner.o ABSOLUTE
    ../clib/signal.c                         0x00000000   Number         0  defsig_fpe_inner.o ABSOLUTE
    ../clib/signal.c                         0x00000000   Number         0  defsig_abrt_inner.o ABSOLUTE
    ../clib/signal.c                         0x00000000   Number         0  defsig_segv_inner.o ABSOLUTE
    ../clib/signal.c                         0x00000000   Number         0  defsig_rtmem_formal.o ABSOLUTE
    ../clib/signal.c                         0x00000000   Number         0  defsig_cppl_inner.o ABSOLUTE
    ../clib/signal.c                         0x00000000   Number         0  defsig_other.o ABSOLUTE
    ../clib/signal.c                         0x00000000   Number         0  defsig_rtmem_inner.o ABSOLUTE
    ../clib/signal.c                         0x00000000   Number         0  defsig_exit.o ABSOLUTE
    ../clib/signal.c                         0x00000000   Number         0  defsig_general.o ABSOLUTE
    ../clib/signal.c                         0x00000000   Number         0  __raise.o ABSOLUTE
    ../clib/signal.s                         0x00000000   Number         0  defsig.o ABSOLUTE
    ../clib/stdlib.c                         0x00000000   Number         0  exit.o ABSOLUTE
    ../clib/string.c                         0x00000000   Number         0  strlen.o ABSOLUTE
    ../fplib/daddsub.s                       0x00000000   Number         0  daddsub_clz.o ABSOLUTE
    ../fplib/ddiv.s                          0x00000000   Number         0  ddiv.o ABSOLUTE
    ../fplib/dflt.s                          0x00000000   Number         0  dflt_clz.o ABSOLUTE
    ../fplib/dmul.s                          0x00000000   Number         0  dmul.o ABSOLUTE
    ../fplib/dnaninf.s                       0x00000000   Number         0  dnaninf.o ABSOLUTE
    ../fplib/dretinf.s                       0x00000000   Number         0  dretinf.o ABSOLUTE
    ../fplib/fpinit.s                        0x00000000   Number         0  fpinit.o ABSOLUTE
    ../fplib/usenofp.s                       0x00000000   Number         0  usenofp.o ABSOLUTE
    ..\CMSIS\stm32f4xx_it.c                  0x00000000   Number         0  stm32f4xx_it.o ABSOLUTE
    ..\STM32F4xx_StdPeriph_Driver\src\misc.c 0x00000000   Number         0  misc.o ABSOLUTE
    ..\STM32F4xx_StdPeriph_Driver\src\stm32f4xx_dma.c 0x00000000   Number         0  stm32f4xx_dma.o ABSOLUTE
    ..\STM32F4xx_StdPeriph_Driver\src\stm32f4xx_flash.c 0x00000000   Number         0  stm32f4xx_flash.o ABSOLUTE
    ..\STM32F4xx_StdPeriph_Driver\src\stm32f4xx_gpio.c 0x00000000   Number         0  stm32f4xx_gpio.o ABSOLUTE
    ..\STM32F4xx_StdPeriph_Driver\src\stm32f4xx_rcc.c 0x00000000   Number         0  stm32f4xx_rcc.o ABSOLUTE
    ..\STM32F4xx_StdPeriph_Driver\src\stm32f4xx_tim.c 0x00000000   Number         0  stm32f4xx_tim.o ABSOLUTE
    ..\STM32F4xx_StdPeriph_Driver\src\stm32f4xx_usart.c 0x00000000   Number         0  stm32f4xx_usart.o ABSOLUTE
    ..\Src\LTE_handler.c                     0x00000000   Number         0  lte_handler.o ABSOLUTE
    ..\Src\access_GUI.c                      0x00000000   Number         0  access_gui.o ABSOLUTE
    ..\Src\delay.c                           0x00000000   Number         0  delay.o ABSOLUTE
    ..\Src\gps_config.c                      0x00000000   Number         0  gps_config.o ABSOLUTE
    ..\Src\gps_handler.c                     0x00000000   Number         0  gps_handler.o ABSOLUTE
    ..\Src\main.c                            0x00000000   Number         0  main.o ABSOLUTE
    ..\Src\sign.c                            0x00000000   Number         0  sign.o ABSOLUTE
    ..\\CMSIS\\stm32f4xx_it.c                0x00000000   Number         0  stm32f4xx_it.o ABSOLUTE
    ..\\STM32F4xx_StdPeriph_Driver\\src\\misc.c 0x00000000   Number         0  misc.o ABSOLUTE
    ..\\STM32F4xx_StdPeriph_Driver\\src\\stm32f4xx_dma.c 0x00000000   Number         0  stm32f4xx_dma.o ABSOLUTE
    ..\\STM32F4xx_StdPeriph_Driver\\src\\stm32f4xx_flash.c 0x00000000   Number         0  stm32f4xx_flash.o ABSOLUTE
    ..\\STM32F4xx_StdPeriph_Driver\\src\\stm32f4xx_gpio.c 0x00000000   Number         0  stm32f4xx_gpio.o ABSOLUTE
    ..\\STM32F4xx_StdPeriph_Driver\\src\\stm32f4xx_rcc.c 0x00000000   Number         0  stm32f4xx_rcc.o ABSOLUTE
    ..\\STM32F4xx_StdPeriph_Driver\\src\\stm32f4xx_tim.c 0x00000000   Number         0  stm32f4xx_tim.o ABSOLUTE
    ..\\STM32F4xx_StdPeriph_Driver\\src\\stm32f4xx_usart.c 0x00000000   Number         0  stm32f4xx_usart.o ABSOLUTE
    ..\\Src\\LTE_handler.c                   0x00000000   Number         0  lte_handler.o ABSOLUTE
    ..\\Src\\access_GUI.c                    0x00000000   Number         0  access_gui.o ABSOLUTE
    ..\\Src\\delay.c                         0x00000000   Number         0  delay.o ABSOLUTE
    ..\\Src\\gps_config.c                    0x00000000   Number         0  gps_config.o ABSOLUTE
    ..\\Src\\gps_handler.c                   0x00000000   Number         0  gps_handler.o ABSOLUTE
    ..\\Src\\main.c                          0x00000000   Number         0  main.o ABSOLUTE
    ..\\Src\\sign.c                          0x00000000   Number         0  sign.o ABSOLUTE
    RTE\Device\STM32F407VGTx\startup_stm32f407xx.s 0x00000000   Number         0  startup_stm32f407xx.o ABSOLUTE
    RTE\Device\STM32F407VGTx\system_stm32f4xx.c 0x00000000   Number         0  system_stm32f4xx_1.o ABSOLUTE
    RTE\\Device\\STM32F407VGTx\\system_stm32f4xx.c 0x00000000   Number         0  system_stm32f4xx_1.o ABSOLUTE
    dc.s                                     0x00000000   Number         0  dc.o ABSOLUTE
    RESET                                    0x08000000   Section      392  startup_stm32f407xx.o(RESET)
    !!!main                                  0x08000188   Section        8  __main.o(!!!main)
    !!!scatter                               0x08000190   Section       52  __scatter.o(!!!scatter)
    !!handler_copy                           0x080001c4   Section       26  __scatter_copy.o(!!handler_copy)
    !!handler_zi                             0x080001e0   Section       28  __scatter_zi.o(!!handler_zi)
    .ARM.Collect$$libinit$$00000000          0x080001fc   Section        2  libinit.o(.ARM.Collect$$libinit$$00000000)
    .ARM.Collect$$libinit$$00000001          0x080001fe   Section        4  libinit2.o(.ARM.Collect$$libinit$$00000001)
    .ARM.Collect$$libinit$$00000004          0x08000202   Section        0  libinit2.o(.ARM.Collect$$libinit$$00000004)
    .ARM.Collect$$libinit$$0000000A          0x08000202   Section        0  libinit2.o(.ARM.Collect$$libinit$$0000000A)
    .ARM.Collect$$libinit$$0000000C          0x08000202   Section        0  libinit2.o(.ARM.Collect$$libinit$$0000000C)
    .ARM.Collect$$libinit$$0000000E          0x08000202   Section        0  libinit2.o(.ARM.Collect$$libinit$$0000000E)
    .ARM.Collect$$libinit$$00000011          0x08000202   Section        0  libinit2.o(.ARM.Collect$$libinit$$00000011)
    .ARM.Collect$$libinit$$00000013          0x08000202   Section        0  libinit2.o(.ARM.Collect$$libinit$$00000013)
    .ARM.Collect$$libinit$$00000015          0x08000202   Section        0  libinit2.o(.ARM.Collect$$libinit$$00000015)
    .ARM.Collect$$libinit$$00000017          0x08000202   Section        0  libinit2.o(.ARM.Collect$$libinit$$00000017)
    .ARM.Collect$$libinit$$00000019          0x08000202   Section        0  libinit2.o(.ARM.Collect$$libinit$$00000019)
    .ARM.Collect$$libinit$$0000001B          0x08000202   Section        0  libinit2.o(.ARM.Collect$$libinit$$0000001B)
    .ARM.Collect$$libinit$$0000001D          0x08000202   Section        0  libinit2.o(.ARM.Collect$$libinit$$0000001D)
    .ARM.Collect$$libinit$$0000001F          0x08000202   Section        0  libinit2.o(.ARM.Collect$$libinit$$0000001F)
    .ARM.Collect$$libinit$$00000021          0x08000202   Section        0  libinit2.o(.ARM.Collect$$libinit$$00000021)
    .ARM.Collect$$libinit$$00000023          0x08000202   Section        0  libinit2.o(.ARM.Collect$$libinit$$00000023)
    .ARM.Collect$$libinit$$00000025          0x08000202   Section        0  libinit2.o(.ARM.Collect$$libinit$$00000025)
    .ARM.Collect$$libinit$$0000002C          0x08000202   Section        0  libinit2.o(.ARM.Collect$$libinit$$0000002C)
    .ARM.Collect$$libinit$$0000002E          0x08000202   Section        0  libinit2.o(.ARM.Collect$$libinit$$0000002E)
    .ARM.Collect$$libinit$$00000030          0x08000202   Section        0  libinit2.o(.ARM.Collect$$libinit$$00000030)
    .ARM.Collect$$libinit$$00000031          0x08000202   Section        4  libinit2.o(.ARM.Collect$$libinit$$00000031)
    .ARM.Collect$$libinit$$00000032          0x08000206   Section        0  libinit2.o(.ARM.Collect$$libinit$$00000032)
    .ARM.Collect$$libinit$$00000033          0x08000206   Section        2  libinit2.o(.ARM.Collect$$libinit$$00000033)
    .ARM.Collect$$libshutdown$$00000000      0x08000208   Section        2  libshutdown.o(.ARM.Collect$$libshutdown$$00000000)
    .ARM.Collect$$libshutdown$$00000002      0x0800020a   Section        0  libshutdown2.o(.ARM.Collect$$libshutdown$$00000002)
    .ARM.Collect$$libshutdown$$00000004      0x0800020a   Section        0  libshutdown2.o(.ARM.Collect$$libshutdown$$00000004)
    .ARM.Collect$$libshutdown$$00000006      0x0800020a   Section        0  libshutdown2.o(.ARM.Collect$$libshutdown$$00000006)
    .ARM.Collect$$libshutdown$$00000009      0x0800020a   Section        0  libshutdown2.o(.ARM.Collect$$libshutdown$$00000009)
    .ARM.Collect$$libshutdown$$0000000C      0x0800020a   Section        0  libshutdown2.o(.ARM.Collect$$libshutdown$$0000000C)
    .ARM.Collect$$libshutdown$$0000000E      0x0800020a   Section        0  libshutdown2.o(.ARM.Collect$$libshutdown$$0000000E)
    .ARM.Collect$$libshutdown$$00000011      0x0800020a   Section        0  libshutdown2.o(.ARM.Collect$$libshutdown$$00000011)
    .ARM.Collect$$libshutdown$$00000012      0x0800020a   Section        2  libshutdown2.o(.ARM.Collect$$libshutdown$$00000012)
    .ARM.Collect$$rtentry$$00000000          0x0800020c   Section        0  __rtentry.o(.ARM.Collect$$rtentry$$00000000)
    .ARM.Collect$$rtentry$$00000002          0x0800020c   Section        0  __rtentry2.o(.ARM.Collect$$rtentry$$00000002)
    .ARM.Collect$$rtentry$$00000004          0x0800020c   Section        6  __rtentry4.o(.ARM.Collect$$rtentry$$00000004)
    .ARM.Collect$$rtentry$$00000009          0x08000212   Section        0  __rtentry2.o(.ARM.Collect$$rtentry$$00000009)
    .ARM.Collect$$rtentry$$0000000A          0x08000212   Section        4  __rtentry2.o(.ARM.Collect$$rtentry$$0000000A)
    .ARM.Collect$$rtentry$$0000000C          0x08000216   Section        0  __rtentry2.o(.ARM.Collect$$rtentry$$0000000C)
    .ARM.Collect$$rtentry$$0000000D          0x08000216   Section        8  __rtentry2.o(.ARM.Collect$$rtentry$$0000000D)
    .ARM.Collect$$rtexit$$00000000           0x0800021e   Section        2  rtexit.o(.ARM.Collect$$rtexit$$00000000)
    .ARM.Collect$$rtexit$$00000002           0x08000220   Section        0  rtexit2.o(.ARM.Collect$$rtexit$$00000002)
    .ARM.Collect$$rtexit$$00000003           0x08000220   Section        4  rtexit2.o(.ARM.Collect$$rtexit$$00000003)
    .ARM.Collect$$rtexit$$00000004           0x08000224   Section        6  rtexit2.o(.ARM.Collect$$rtexit$$00000004)
    .text                                    0x0800022c   Section       64  startup_stm32f407xx.o(.text)
    $v0                                      0x0800022c   Number         0  startup_stm32f407xx.o(.text)
    .text                                    0x0800026c   Section        0  strlen.o(.text)
    .text                                    0x080002aa   Section      138  rt_memcpy_v6.o(.text)
    .text                                    0x08000334   Section      100  rt_memcpy_w.o(.text)
    .text                                    0x08000398   Section       68  rt_memclr.o(.text)
    .text                                    0x080003dc   Section        0  heapauxi.o(.text)
    .text                                    0x080003e4   Section        0  init_aeabi.o(.text)
    .text                                    0x08000408   Section       78  rt_memclr_w.o(.text)
    .text                                    0x08000456   Section       74  sys_stackheap_outer.o(.text)
    .text                                    0x080004a0   Section        0  exit.o(.text)
    .text                                    0x080004b4   Section        8  libspace.o(.text)
    .text                                    0x080004bc   Section        2  use_no_semi.o(.text)
    .text                                    0x080004be   Section        0  indicate_semi.o(.text)
    .text                                    0x080004c0   Section        0  sys_exit.o(.text)
    i.Config                                 0x080004cc   Section        0  delay.o(i.Config)
    i.DMA1_Stream1_IRQHandler                0x08000514   Section        0  gps_handler.o(i.DMA1_Stream1_IRQHandler)
    i.DMA1_Stream5_IRQHandler                0x08000540   Section        0  lte_handler.o(i.DMA1_Stream5_IRQHandler)
    i.DMA2_Stream2_IRQHandler                0x080005d4   Section        0  access_gui.o(i.DMA2_Stream2_IRQHandler)
    i.DMA_ClearFlag                          0x08000660   Section        0  stm32f4xx_dma.o(i.DMA_ClearFlag)
    i.DMA_ClearITPendingBit                  0x08000694   Section        0  stm32f4xx_dma.o(i.DMA_ClearITPendingBit)
    i.DMA_Cmd                                0x080006c8   Section        0  stm32f4xx_dma.o(i.DMA_Cmd)
    i.DMA_GetITStatus                        0x080006e0   Section        0  stm32f4xx_dma.o(i.DMA_GetITStatus)
    i.DMA_ITConfig                           0x08000744   Section        0  stm32f4xx_dma.o(i.DMA_ITConfig)
    i.DMA_Init                               0x08000780   Section        0  stm32f4xx_dma.o(i.DMA_Init)
    i.DMA_MemoryTargetConfig                 0x080007d8   Section        0  stm32f4xx_dma.o(i.DMA_MemoryTargetConfig)
    i.DMA_SetCurrDataCounter                 0x080007e2   Section        0  stm32f4xx_dma.o(i.DMA_SetCurrDataCounter)
    i.FLASH_SetLatency                       0x080007e8   Section        0  stm32f4xx_flash.o(i.FLASH_SetLatency)
    i.GPGLL_analysis                         0x080007f4   Section        0  gps_handler.o(i.GPGLL_analysis)
    i.GPIO_Init                              0x0800083c   Section        0  stm32f4xx_gpio.o(i.GPIO_Init)
    i.GPIO_PinAFConfig                       0x080008cc   Section        0  stm32f4xx_gpio.o(i.GPIO_PinAFConfig)
    i.GPIO_SetBits                           0x08000912   Section        0  stm32f4xx_gpio.o(i.GPIO_SetBits)
    i.GPIO_ToggleBits                        0x08000916   Section        0  stm32f4xx_gpio.o(i.GPIO_ToggleBits)
    i.HTTPReadData                           0x08000920   Section        0  lte_handler.o(i.HTTPReadData)
    i.Init_SimModule                         0x08000958   Section        0  lte_handler.o(i.Init_SimModule)
    i.LEDConfig                              0x08000974   Section        0  sign.o(i.LEDConfig)
    i.NVIC_Init                              0x080009a8   Section        0  misc.o(i.NVIC_Init)
    i.PostOrGetRepeat                        0x08000a20   Section        0  lte_handler.o(i.PostOrGetRepeat)
    i.RCC_AHB1PeriphClockCmd                 0x08000a38   Section        0  stm32f4xx_rcc.o(i.RCC_AHB1PeriphClockCmd)
    i.RCC_APB1PeriphClockCmd                 0x08000a58   Section        0  stm32f4xx_rcc.o(i.RCC_APB1PeriphClockCmd)
    i.RCC_APB2PeriphClockCmd                 0x08000a78   Section        0  stm32f4xx_rcc.o(i.RCC_APB2PeriphClockCmd)
    i.RCC_DeInit                             0x08000a98   Section        0  stm32f4xx_rcc.o(i.RCC_DeInit)
    i.RCC_GetClocksFreq                      0x08000afc   Section        0  stm32f4xx_rcc.o(i.RCC_GetClocksFreq)
    i.RCC_GetFlagStatus                      0x08000be4   Section        0  stm32f4xx_rcc.o(i.RCC_GetFlagStatus)
    i.RCC_HCLKConfig                         0x08000c24   Section        0  stm32f4xx_rcc.o(i.RCC_HCLKConfig)
    i.RCC_HSEConfig                          0x08000c3c   Section        0  stm32f4xx_rcc.o(i.RCC_HSEConfig)
    i.RCC_PCLK1Config                        0x08000c4c   Section        0  stm32f4xx_rcc.o(i.RCC_PCLK1Config)
    i.RCC_PCLK2Config                        0x08000c64   Section        0  stm32f4xx_rcc.o(i.RCC_PCLK2Config)
    i.RCC_PLLCmd                             0x08000c7c   Section        0  stm32f4xx_rcc.o(i.RCC_PLLCmd)
    i.RCC_PLLConfig                          0x08000c88   Section        0  stm32f4xx_rcc.o(i.RCC_PLLConfig)
    i.RCC_SYSCLKConfig                       0x08000cac   Section        0  stm32f4xx_rcc.o(i.RCC_SYSCLKConfig)
    i.RCC_WaitForHSEStartUp                  0x08000cc4   Section        0  stm32f4xx_rcc.o(i.RCC_WaitForHSEStartUp)
    i.SystemClock_Config                     0x08000cfc   Section        0  main.o(i.SystemClock_Config)
    SystemClock_Config                       0x08000cfd   Thumb Code   104  main.o(i.SystemClock_Config)
    i.SystemCoreClockUpdate                  0x08000d64   Section        0  system_stm32f4xx_1.o(i.SystemCoreClockUpdate)
    i.SystemInit                             0x08000e24   Section        0  system_stm32f4xx_1.o(i.SystemInit)
    i.TIM2_IRQHandler                        0x08000e38   Section        0  lte_handler.o(i.TIM2_IRQHandler)
    i.TIM2_InitModuleSim_Config              0x08000ec4   Section        0  lte_handler.o(i.TIM2_InitModuleSim_Config)
    i.TIM3_IRQHandler                        0x08000f40   Section        0  lte_handler.o(i.TIM3_IRQHandler)
    i.TIM7_Config                            0x0800100c   Section        0  lte_handler.o(i.TIM7_Config)
    i.TIM7_IRQHandler                        0x08001060   Section        0  lte_handler.o(i.TIM7_IRQHandler)
    i.TIM_ClearITPendingBit                  0x080010b8   Section        0  stm32f4xx_tim.o(i.TIM_ClearITPendingBit)
    i.TIM_Cmd                                0x080010be   Section        0  stm32f4xx_tim.o(i.TIM_Cmd)
    i.TIM_GetITStatus                        0x080010d6   Section        0  stm32f4xx_tim.o(i.TIM_GetITStatus)
    i.TIM_ITConfig                           0x080010f8   Section        0  stm32f4xx_tim.o(i.TIM_ITConfig)
    i.TIM_SetCounter                         0x0800110a   Section        0  stm32f4xx_tim.o(i.TIM_SetCounter)
    i.TIM_TimeBaseInit                       0x08001110   Section        0  stm32f4xx_tim.o(i.TIM_TimeBaseInit)
    i.UART_GPS_Config                        0x08001194   Section        0  gps_handler.o(i.UART_GPS_Config)
    i.UART_GUI_Config                        0x0800134c   Section        0  access_gui.o(i.UART_GUI_Config)
    i.UART_LTE_Config                        0x08001500   Section        0  lte_handler.o(i.UART_LTE_Config)
    i.UART_LTE_Transmit                      0x080016b4   Section        0  lte_handler.o(i.UART_LTE_Transmit)
    i.USART_Cmd                              0x08001718   Section        0  stm32f4xx_usart.o(i.USART_Cmd)
    i.USART_DMACmd                           0x08001730   Section        0  stm32f4xx_usart.o(i.USART_DMACmd)
    i.USART_GetFlagStatus                    0x08001742   Section        0  stm32f4xx_usart.o(i.USART_GetFlagStatus)
    i.USART_Init                             0x0800175c   Section        0  stm32f4xx_usart.o(i.USART_Init)
    i.USART_SendData                         0x08001830   Section        0  stm32f4xx_usart.o(i.USART_SendData)
    i.accessToRxBuffSimTIMCofig              0x08001838   Section        0  lte_handler.o(i.accessToRxBuffSimTIMCofig)
    i.checkDataIn                            0x08001880   Section        0  gps_handler.o(i.checkDataIn)
    i.checkInitATE0OK                        0x080018fc   Section        0  lte_handler.o(i.checkInitATE0OK)
    i.checkPB_DONE                           0x08001950   Section        0  lte_handler.o(i.checkPB_DONE)
    i.checkSpareDataAfterEnDMARx             0x080019a4   Section        0  gps_handler.o(i.checkSpareDataAfterEnDMARx)
    i.delay_ms                               0x080019bc   Section        0  delay.o(i.delay_ms)
    i.delay_us                               0x080019d4   Section        0  delay.o(i.delay_us)
    i.disableTIM2                            0x080019f8   Section        0  lte_handler.o(i.disableTIM2)
    i.disableTIM37                           0x08001a24   Section        0  lte_handler.o(i.disableTIM37)
    i.getDataFromServer                      0x08001a64   Section        0  lte_handler.o(i.getDataFromServer)
    i.main                                   0x08001b0c   Section        0  main.o(i.main)
    i.postDataToServer                       0x08001b40   Section        0  lte_handler.o(i.postDataToServer)
    i.reEnableDMARx                          0x08001ca0   Section        0  gps_handler.o(i.reEnableDMARx)
    i.reEnableDMARxLTE                       0x08001cdc   Section        0  lte_handler.o(i.reEnableDMARxLTE)
    i.sendGPSDataToGUI                       0x08001d18   Section        0  access_gui.o(i.sendGPSDataToGUI)
    i.sendTaskToGUI                          0x08001d5c   Section        0  access_gui.o(i.sendTaskToGUI)
    i.waitForHTTPReadTIM                     0x08001d90   Section        0  lte_handler.o(i.waitForHTTPReadTIM)
    x$fpl$fpinit                             0x08001ddc   Section       10  fpinit.o(x$fpl$fpinit)
    $v0                                      0x08001ddc   Number         0  fpinit.o(x$fpl$fpinit)
    .constdata                               0x08001de6   Section       24  system_stm32f4xx_1.o(.constdata)
    .conststring                             0x08001e00   Section      240  lte_handler.o(.conststring)
    .init_array                              0x08001f10   Section        4  delay.o(.init_array)
    .init_array                              0x08001f14   Section        0  init_aeabi.o(.init_array)
    .data                                    0x20000000   Section        1  access_gui.o(.data)
    .data                                    0x20000001   Section        4  lte_handler.o(.data)
    .data                                    0x20000005   Section       16  stm32f4xx_rcc.o(.data)
    APBAHBPrescTable                         0x20000005   Data          16  stm32f4xx_rcc.o(.data)
    .data                                    0x20000018   Section        4  system_stm32f4xx_1.o(.data)
    .bss                                     0x20000020   Section      264  gps_handler.o(.bss)
    .bss                                     0x20000128   Section      106  access_gui.o(.bss)
    .bss                                     0x20000192   Section      236  lte_handler.o(.bss)
    .bss                                     0x20000280   Section       96  libspace.o(.bss)
    HEAP                                     0x200002e0   Section      512  startup_stm32f407xx.o(HEAP)
    Heap_Mem                                 0x200002e0   Data         512  startup_stm32f407xx.o(HEAP)
    STACK                                    0x200004e0   Section     1024  startup_stm32f407xx.o(STACK)
    Stack_Mem                                0x200004e0   Data        1024  startup_stm32f407xx.o(STACK)
    __initial_sp                             0x200008e0   Data           0  startup_stm32f407xx.o(STACK)

    Global Symbols

    Symbol Name                              Value     Ov Type        Size  Object(Section)

    BuildAttributes$$THM_ISAv4$E$P$D$K$B$S$7EM$VFPi3$EXTD16$VFPS$VFMA$PE$A:L22UL41UL21$X:L11$S22US41US21$IEEE1$IW$USESV6$~STKCKD$USESV7$~SHL$OSPACE$ROPI$EBA8$UX$STANDARDLIB$REQ8$PRES8$EABIv2 0x00000000   Number         0  anon$$obj.o ABSOLUTE
    __ARM_use_no_argv                        0x00000000   Number         0  main.o ABSOLUTE
    __ARM_exceptions_init                     - Undefined Weak Reference
    __alloca_initialize                       - Undefined Weak Reference
    __arm_fini_                               - Undefined Weak Reference
    __arm_preinit_                            - Undefined Weak Reference
    __cxa_finalize                            - Undefined Weak Reference
    __rt_locale                               - Undefined Weak Reference
    __sigvec_lookup                           - Undefined Weak Reference
    _atexit_init                              - Undefined Weak Reference
    _call_atexit_fns                          - Undefined Weak Reference
    _clock_init                               - Undefined Weak Reference
    _fp_trap_init                             - Undefined Weak Reference
    _fp_trap_shutdown                         - Undefined Weak Reference
    _get_lc_collate                           - Undefined Weak Reference
    _get_lc_ctype                             - Undefined Weak Reference
    _get_lc_monetary                          - Undefined Weak Reference
    _get_lc_numeric                           - Undefined Weak Reference
    _get_lc_time                              - Undefined Weak Reference
    _getenv_init                              - Undefined Weak Reference
    _handle_redirection                       - Undefined Weak Reference
    _init_alloc                               - Undefined Weak Reference
    _init_user_alloc                          - Undefined Weak Reference
    _initio                                   - Undefined Weak Reference
    _rand_init                                - Undefined Weak Reference
    _signal_finish                            - Undefined Weak Reference
    _signal_init                              - Undefined Weak Reference
    _terminate_alloc                          - Undefined Weak Reference
    _terminate_user_alloc                     - Undefined Weak Reference
    _terminateio                              - Undefined Weak Reference
    __Vectors_Size                           0x00000188   Number         0  startup_stm32f407xx.o ABSOLUTE
    __Vectors                                0x08000000   Data           4  startup_stm32f407xx.o(RESET)
    __Vectors_End                            0x08000188   Data           0  startup_stm32f407xx.o(RESET)
    __main                                   0x08000189   Thumb Code     8  __main.o(!!!main)
    __scatterload                            0x08000191   Thumb Code     0  __scatter.o(!!!scatter)
    __scatterload_rt2                        0x08000191   Thumb Code    44  __scatter.o(!!!scatter)
    __scatterload_rt2_thumb_only             0x08000191   Thumb Code     0  __scatter.o(!!!scatter)
    __scatterload_null                       0x0800019f   Thumb Code     0  __scatter.o(!!!scatter)
    __scatterload_copy                       0x080001c5   Thumb Code    26  __scatter_copy.o(!!handler_copy)
    __scatterload_zeroinit                   0x080001e1   Thumb Code    28  __scatter_zi.o(!!handler_zi)
    __rt_lib_init                            0x080001fd   Thumb Code     0  libinit.o(.ARM.Collect$$libinit$$00000000)
    __rt_lib_init_fp_1                       0x080001ff   Thumb Code     0  libinit2.o(.ARM.Collect$$libinit$$00000001)
    __rt_lib_init_alloca_1                   0x08000203   Thumb Code     0  libinit2.o(.ARM.Collect$$libinit$$0000002E)
    __rt_lib_init_argv_1                     0x08000203   Thumb Code     0  libinit2.o(.ARM.Collect$$libinit$$0000002C)
    __rt_lib_init_atexit_1                   0x08000203   Thumb Code     0  libinit2.o(.ARM.Collect$$libinit$$0000001B)
    __rt_lib_init_clock_1                    0x08000203   Thumb Code     0  libinit2.o(.ARM.Collect$$libinit$$00000021)
    __rt_lib_init_cpp_2                      0x08000203   Thumb Code     0  libinit2.o(.ARM.Collect$$libinit$$00000031)
    __rt_lib_init_exceptions_1               0x08000203   Thumb Code     0  libinit2.o(.ARM.Collect$$libinit$$00000030)
    __rt_lib_init_fp_trap_1                  0x08000203   Thumb Code     0  libinit2.o(.ARM.Collect$$libinit$$0000001F)
    __rt_lib_init_getenv_1                   0x08000203   Thumb Code     0  libinit2.o(.ARM.Collect$$libinit$$00000023)
    __rt_lib_init_heap_1                     0x08000203   Thumb Code     0  libinit2.o(.ARM.Collect$$libinit$$0000000A)
    __rt_lib_init_lc_collate_1               0x08000203   Thumb Code     0  libinit2.o(.ARM.Collect$$libinit$$00000011)
    __rt_lib_init_lc_ctype_1                 0x08000203   Thumb Code     0  libinit2.o(.ARM.Collect$$libinit$$00000013)
    __rt_lib_init_lc_monetary_1              0x08000203   Thumb Code     0  libinit2.o(.ARM.Collect$$libinit$$00000015)
    __rt_lib_init_lc_numeric_1               0x08000203   Thumb Code     0  libinit2.o(.ARM.Collect$$libinit$$00000017)
    __rt_lib_init_lc_time_1                  0x08000203   Thumb Code     0  libinit2.o(.ARM.Collect$$libinit$$00000019)
    __rt_lib_init_preinit_1                  0x08000203   Thumb Code     0  libinit2.o(.ARM.Collect$$libinit$$00000004)
    __rt_lib_init_rand_1                     0x08000203   Thumb Code     0  libinit2.o(.ARM.Collect$$libinit$$0000000E)
    __rt_lib_init_signal_1                   0x08000203   Thumb Code     0  libinit2.o(.ARM.Collect$$libinit$$0000001D)
    __rt_lib_init_stdio_1                    0x08000203   Thumb Code     0  libinit2.o(.ARM.Collect$$libinit$$00000025)
    __rt_lib_init_user_alloc_1               0x08000203   Thumb Code     0  libinit2.o(.ARM.Collect$$libinit$$0000000C)
    __rt_lib_init_cpp_1                      0x08000207   Thumb Code     0  libinit2.o(.ARM.Collect$$libinit$$00000032)
    __rt_lib_init_return                     0x08000207   Thumb Code     0  libinit2.o(.ARM.Collect$$libinit$$00000033)
    __rt_lib_shutdown                        0x08000209   Thumb Code     0  libshutdown.o(.ARM.Collect$$libshutdown$$00000000)
    __rt_lib_shutdown_cpp_1                  0x0800020b   Thumb Code     0  libshutdown2.o(.ARM.Collect$$libshutdown$$00000004)
    __rt_lib_shutdown_fini_1                 0x0800020b   Thumb Code     0  libshutdown2.o(.ARM.Collect$$libshutdown$$00000002)
    __rt_lib_shutdown_fp_trap_1              0x0800020b   Thumb Code     0  libshutdown2.o(.ARM.Collect$$libshutdown$$00000009)
    __rt_lib_shutdown_heap_1                 0x0800020b   Thumb Code     0  libshutdown2.o(.ARM.Collect$$libshutdown$$00000011)
    __rt_lib_shutdown_return                 0x0800020b   Thumb Code     0  libshutdown2.o(.ARM.Collect$$libshutdown$$00000012)
    __rt_lib_shutdown_signal_1               0x0800020b   Thumb Code     0  libshutdown2.o(.ARM.Collect$$libshutdown$$0000000C)
    __rt_lib_shutdown_stdio_1                0x0800020b   Thumb Code     0  libshutdown2.o(.ARM.Collect$$libshutdown$$00000006)
    __rt_lib_shutdown_user_alloc_1           0x0800020b   Thumb Code     0  libshutdown2.o(.ARM.Collect$$libshutdown$$0000000E)
    __rt_entry                               0x0800020d   Thumb Code     0  __rtentry.o(.ARM.Collect$$rtentry$$00000000)
    __rt_entry_presh_1                       0x0800020d   Thumb Code     0  __rtentry2.o(.ARM.Collect$$rtentry$$00000002)
    __rt_entry_sh                            0x0800020d   Thumb Code     0  __rtentry4.o(.ARM.Collect$$rtentry$$00000004)
    __rt_entry_li                            0x08000213   Thumb Code     0  __rtentry2.o(.ARM.Collect$$rtentry$$0000000A)
    __rt_entry_postsh_1                      0x08000213   Thumb Code     0  __rtentry2.o(.ARM.Collect$$rtentry$$00000009)
    __rt_entry_main                          0x08000217   Thumb Code     0  __rtentry2.o(.ARM.Collect$$rtentry$$0000000D)
    __rt_entry_postli_1                      0x08000217   Thumb Code     0  __rtentry2.o(.ARM.Collect$$rtentry$$0000000C)
    __rt_exit                                0x0800021f   Thumb Code     0  rtexit.o(.ARM.Collect$$rtexit$$00000000)
    __rt_exit_ls                             0x08000221   Thumb Code     0  rtexit2.o(.ARM.Collect$$rtexit$$00000003)
    __rt_exit_prels_1                        0x08000221   Thumb Code     0  rtexit2.o(.ARM.Collect$$rtexit$$00000002)
    __rt_exit_exit                           0x08000225   Thumb Code     0  rtexit2.o(.ARM.Collect$$rtexit$$00000004)
    Reset_Handler                            0x0800022d   Thumb Code     8  startup_stm32f407xx.o(.text)
    NMI_Handler                              0x08000235   Thumb Code     2  startup_stm32f407xx.o(.text)
    HardFault_Handler                        0x08000237   Thumb Code     2  startup_stm32f407xx.o(.text)
    MemManage_Handler                        0x08000239   Thumb Code     2  startup_stm32f407xx.o(.text)
    BusFault_Handler                         0x0800023b   Thumb Code     2  startup_stm32f407xx.o(.text)
    UsageFault_Handler                       0x0800023d   Thumb Code     2  startup_stm32f407xx.o(.text)
    SVC_Handler                              0x0800023f   Thumb Code     2  startup_stm32f407xx.o(.text)
    DebugMon_Handler                         0x08000241   Thumb Code     2  startup_stm32f407xx.o(.text)
    PendSV_Handler                           0x08000243   Thumb Code     2  startup_stm32f407xx.o(.text)
    SysTick_Handler                          0x08000245   Thumb Code     2  startup_stm32f407xx.o(.text)
    ADC_IRQHandler                           0x08000247   Thumb Code     0  startup_stm32f407xx.o(.text)
    CAN1_RX0_IRQHandler                      0x08000247   Thumb Code     0  startup_stm32f407xx.o(.text)
    CAN1_RX1_IRQHandler                      0x08000247   Thumb Code     0  startup_stm32f407xx.o(.text)
    CAN1_SCE_IRQHandler                      0x08000247   Thumb Code     0  startup_stm32f407xx.o(.text)
    CAN1_TX_IRQHandler                       0x08000247   Thumb Code     0  startup_stm32f407xx.o(.text)
    CAN2_RX0_IRQHandler                      0x08000247   Thumb Code     0  startup_stm32f407xx.o(.text)
    CAN2_RX1_IRQHandler                      0x08000247   Thumb Code     0  startup_stm32f407xx.o(.text)
    CAN2_SCE_IRQHandler                      0x08000247   Thumb Code     0  startup_stm32f407xx.o(.text)
    CAN2_TX_IRQHandler                       0x08000247   Thumb Code     0  startup_stm32f407xx.o(.text)
    DCMI_IRQHandler                          0x08000247   Thumb Code     0  startup_stm32f407xx.o(.text)
    DMA1_Stream0_IRQHandler                  0x08000247   Thumb Code     0  startup_stm32f407xx.o(.text)
    DMA1_Stream2_IRQHandler                  0x08000247   Thumb Code     0  startup_stm32f407xx.o(.text)
    DMA1_Stream3_IRQHandler                  0x08000247   Thumb Code     0  startup_stm32f407xx.o(.text)
    DMA1_Stream4_IRQHandler                  0x08000247   Thumb Code     0  startup_stm32f407xx.o(.text)
    DMA1_Stream6_IRQHandler                  0x08000247   Thumb Code     0  startup_stm32f407xx.o(.text)
    DMA1_Stream7_IRQHandler                  0x08000247   Thumb Code     0  startup_stm32f407xx.o(.text)
    DMA2_Stream0_IRQHandler                  0x08000247   Thumb Code     0  startup_stm32f407xx.o(.text)
    DMA2_Stream1_IRQHandler                  0x08000247   Thumb Code     0  startup_stm32f407xx.o(.text)
    DMA2_Stream3_IRQHandler                  0x08000247   Thumb Code     0  startup_stm32f407xx.o(.text)
    DMA2_Stream4_IRQHandler                  0x08000247   Thumb Code     0  startup_stm32f407xx.o(.text)
    DMA2_Stream5_IRQHandler                  0x08000247   Thumb Code     0  startup_stm32f407xx.o(.text)
    DMA2_Stream6_IRQHandler                  0x08000247   Thumb Code     0  startup_stm32f407xx.o(.text)
    DMA2_Stream7_IRQHandler                  0x08000247   Thumb Code     0  startup_stm32f407xx.o(.text)
    ETH_IRQHandler                           0x08000247   Thumb Code     0  startup_stm32f407xx.o(.text)
    ETH_WKUP_IRQHandler                      0x08000247   Thumb Code     0  startup_stm32f407xx.o(.text)
    EXTI0_IRQHandler                         0x08000247   Thumb Code     0  startup_stm32f407xx.o(.text)
    EXTI15_10_IRQHandler                     0x08000247   Thumb Code     0  startup_stm32f407xx.o(.text)
    EXTI1_IRQHandler                         0x08000247   Thumb Code     0  startup_stm32f407xx.o(.text)
    EXTI2_IRQHandler                         0x08000247   Thumb Code     0  startup_stm32f407xx.o(.text)
    EXTI3_IRQHandler                         0x08000247   Thumb Code     0  startup_stm32f407xx.o(.text)
    EXTI4_IRQHandler                         0x08000247   Thumb Code     0  startup_stm32f407xx.o(.text)
    EXTI9_5_IRQHandler                       0x08000247   Thumb Code     0  startup_stm32f407xx.o(.text)
    FLASH_IRQHandler                         0x08000247   Thumb Code     0  startup_stm32f407xx.o(.text)
    FMC_IRQHandler                           0x08000247   Thumb Code     0  startup_stm32f407xx.o(.text)
    FPU_IRQHandler                           0x08000247   Thumb Code     0  startup_stm32f407xx.o(.text)
    HASH_RNG_IRQHandler                      0x08000247   Thumb Code     0  startup_stm32f407xx.o(.text)
    I2C1_ER_IRQHandler                       0x08000247   Thumb Code     0  startup_stm32f407xx.o(.text)
    I2C1_EV_IRQHandler                       0x08000247   Thumb Code     0  startup_stm32f407xx.o(.text)
    I2C2_ER_IRQHandler                       0x08000247   Thumb Code     0  startup_stm32f407xx.o(.text)
    I2C2_EV_IRQHandler                       0x08000247   Thumb Code     0  startup_stm32f407xx.o(.text)
    I2C3_ER_IRQHandler                       0x08000247   Thumb Code     0  startup_stm32f407xx.o(.text)
    I2C3_EV_IRQHandler                       0x08000247   Thumb Code     0  startup_stm32f407xx.o(.text)
    OTG_FS_IRQHandler                        0x08000247   Thumb Code     0  startup_stm32f407xx.o(.text)
    OTG_FS_WKUP_IRQHandler                   0x08000247   Thumb Code     0  startup_stm32f407xx.o(.text)
    OTG_HS_EP1_IN_IRQHandler                 0x08000247   Thumb Code     0  startup_stm32f407xx.o(.text)
    OTG_HS_EP1_OUT_IRQHandler                0x08000247   Thumb Code     0  startup_stm32f407xx.o(.text)
    OTG_HS_IRQHandler                        0x08000247   Thumb Code     0  startup_stm32f407xx.o(.text)
    OTG_HS_WKUP_IRQHandler                   0x08000247   Thumb Code     0  startup_stm32f407xx.o(.text)
    PVD_IRQHandler                           0x08000247   Thumb Code     0  startup_stm32f407xx.o(.text)
    RCC_IRQHandler                           0x08000247   Thumb Code     0  startup_stm32f407xx.o(.text)
    RTC_Alarm_IRQHandler                     0x08000247   Thumb Code     0  startup_stm32f407xx.o(.text)
    RTC_WKUP_IRQHandler                      0x08000247   Thumb Code     0  startup_stm32f407xx.o(.text)
    SDIO_IRQHandler                          0x08000247   Thumb Code     0  startup_stm32f407xx.o(.text)
    SPI1_IRQHandler                          0x08000247   Thumb Code     0  startup_stm32f407xx.o(.text)
    SPI2_IRQHandler                          0x08000247   Thumb Code     0  startup_stm32f407xx.o(.text)
    SPI3_IRQHandler                          0x08000247   Thumb Code     0  startup_stm32f407xx.o(.text)
    TAMP_STAMP_IRQHandler                    0x08000247   Thumb Code     0  startup_stm32f407xx.o(.text)
    TIM1_BRK_TIM9_IRQHandler                 0x08000247   Thumb Code     0  startup_stm32f407xx.o(.text)
    TIM1_CC_IRQHandler                       0x08000247   Thumb Code     0  startup_stm32f407xx.o(.text)
    TIM1_TRG_COM_TIM11_IRQHandler            0x08000247   Thumb Code     0  startup_stm32f407xx.o(.text)
    TIM1_UP_TIM10_IRQHandler                 0x08000247   Thumb Code     0  startup_stm32f407xx.o(.text)
    TIM4_IRQHandler                          0x08000247   Thumb Code     0  startup_stm32f407xx.o(.text)
    TIM5_IRQHandler                          0x08000247   Thumb Code     0  startup_stm32f407xx.o(.text)
    TIM6_DAC_IRQHandler                      0x08000247   Thumb Code     0  startup_stm32f407xx.o(.text)
    TIM8_BRK_TIM12_IRQHandler                0x08000247   Thumb Code     0  startup_stm32f407xx.o(.text)
    TIM8_CC_IRQHandler                       0x08000247   Thumb Code     0  startup_stm32f407xx.o(.text)
    TIM8_TRG_COM_TIM14_IRQHandler            0x08000247   Thumb Code     0  startup_stm32f407xx.o(.text)
    TIM8_UP_TIM13_IRQHandler                 0x08000247   Thumb Code     0  startup_stm32f407xx.o(.text)
    UART4_IRQHandler                         0x08000247   Thumb Code     0  startup_stm32f407xx.o(.text)
    UART5_IRQHandler                         0x08000247   Thumb Code     0  startup_stm32f407xx.o(.text)
    USART1_IRQHandler                        0x08000247   Thumb Code     0  startup_stm32f407xx.o(.text)
    USART2_IRQHandler                        0x08000247   Thumb Code     0  startup_stm32f407xx.o(.text)
    USART3_IRQHandler                        0x08000247   Thumb Code     0  startup_stm32f407xx.o(.text)
    USART6_IRQHandler                        0x08000247   Thumb Code     0  startup_stm32f407xx.o(.text)
    WWDG_IRQHandler                          0x08000247   Thumb Code     0  startup_stm32f407xx.o(.text)
    __user_initial_stackheap                 0x08000249   Thumb Code     0  startup_stm32f407xx.o(.text)
    strlen                                   0x0800026d   Thumb Code    62  strlen.o(.text)
    __aeabi_memcpy                           0x080002ab   Thumb Code     0  rt_memcpy_v6.o(.text)
    __rt_memcpy                              0x080002ab   Thumb Code   138  rt_memcpy_v6.o(.text)
    _memcpy_lastbytes                        0x08000311   Thumb Code     0  rt_memcpy_v6.o(.text)
    __aeabi_memcpy4                          0x08000335   Thumb Code     0  rt_memcpy_w.o(.text)
    __aeabi_memcpy8                          0x08000335   Thumb Code     0  rt_memcpy_w.o(.text)
    __rt_memcpy_w                            0x08000335   Thumb Code   100  rt_memcpy_w.o(.text)
    _memcpy_lastbytes_aligned                0x0800037d   Thumb Code     0  rt_memcpy_w.o(.text)
    __aeabi_memclr                           0x08000399   Thumb Code     0  rt_memclr.o(.text)
    __rt_memclr                              0x08000399   Thumb Code    68  rt_memclr.o(.text)
    _memset                                  0x0800039d   Thumb Code     0  rt_memclr.o(.text)
    __use_two_region_memory                  0x080003dd   Thumb Code     2  heapauxi.o(.text)
    __rt_heap_escrow$2region                 0x080003df   Thumb Code     2  heapauxi.o(.text)
    __rt_heap_expand$2region                 0x080003e1   Thumb Code     2  heapauxi.o(.text)
    __cpp_initialize__aeabi_                 0x080003e5   Thumb Code    26  init_aeabi.o(.text)
    __aeabi_memclr4                          0x08000409   Thumb Code     0  rt_memclr_w.o(.text)
    __aeabi_memclr8                          0x08000409   Thumb Code     0  rt_memclr_w.o(.text)
    __rt_memclr_w                            0x08000409   Thumb Code    78  rt_memclr_w.o(.text)
    _memset_w                                0x0800040d   Thumb Code     0  rt_memclr_w.o(.text)
    __user_setup_stackheap                   0x08000457   Thumb Code    74  sys_stackheap_outer.o(.text)
    exit                                     0x080004a1   Thumb Code    18  exit.o(.text)
    __user_libspace                          0x080004b5   Thumb Code     8  libspace.o(.text)
    __user_perproc_libspace                  0x080004b5   Thumb Code     0  libspace.o(.text)
    __user_perthread_libspace                0x080004b5   Thumb Code     0  libspace.o(.text)
    __I$use$semihosting                      0x080004bd   Thumb Code     0  use_no_semi.o(.text)
    __use_no_semihosting_swi                 0x080004bd   Thumb Code     2  use_no_semi.o(.text)
    __semihosting_library_function           0x080004bf   Thumb Code     0  indicate_semi.o(.text)
    _sys_exit                                0x080004c1   Thumb Code     8  sys_exit.o(.text)
    Config                                   0x080004cd   Thumb Code    68  delay.o(i.Config)
    DMA1_Stream1_IRQHandler                  0x08000515   Thumb Code    30  gps_handler.o(i.DMA1_Stream1_IRQHandler)
    DMA1_Stream5_IRQHandler                  0x08000541   Thumb Code   130  lte_handler.o(i.DMA1_Stream5_IRQHandler)
    DMA2_Stream2_IRQHandler                  0x080005d5   Thumb Code   114  access_gui.o(i.DMA2_Stream2_IRQHandler)
    DMA_ClearFlag                            0x08000661   Thumb Code    38  stm32f4xx_dma.o(i.DMA_ClearFlag)
    DMA_ClearITPendingBit                    0x08000695   Thumb Code    38  stm32f4xx_dma.o(i.DMA_ClearITPendingBit)
    DMA_Cmd                                  0x080006c9   Thumb Code    22  stm32f4xx_dma.o(i.DMA_Cmd)
    DMA_GetITStatus                          0x080006e1   Thumb Code    82  stm32f4xx_dma.o(i.DMA_GetITStatus)
    DMA_ITConfig                             0x08000745   Thumb Code    58  stm32f4xx_dma.o(i.DMA_ITConfig)
    DMA_Init                                 0x08000781   Thumb Code    82  stm32f4xx_dma.o(i.DMA_Init)
    DMA_MemoryTargetConfig                   0x080007d9   Thumb Code    10  stm32f4xx_dma.o(i.DMA_MemoryTargetConfig)
    DMA_SetCurrDataCounter                   0x080007e3   Thumb Code     4  stm32f4xx_dma.o(i.DMA_SetCurrDataCounter)
    FLASH_SetLatency                         0x080007e9   Thumb Code     6  stm32f4xx_flash.o(i.FLASH_SetLatency)
    GPGLL_analysis                           0x080007f5   Thumb Code    68  gps_handler.o(i.GPGLL_analysis)
    GPIO_Init                                0x0800083d   Thumb Code   144  stm32f4xx_gpio.o(i.GPIO_Init)
    GPIO_PinAFConfig                         0x080008cd   Thumb Code    70  stm32f4xx_gpio.o(i.GPIO_PinAFConfig)
    GPIO_SetBits                             0x08000913   Thumb Code     4  stm32f4xx_gpio.o(i.GPIO_SetBits)
    GPIO_ToggleBits                          0x08000917   Thumb Code     8  stm32f4xx_gpio.o(i.GPIO_ToggleBits)
    HTTPReadData                             0x08000921   Thumb Code    30  lte_handler.o(i.HTTPReadData)
    Init_SimModule                           0x08000959   Thumb Code    18  lte_handler.o(i.Init_SimModule)
    LEDConfig                                0x08000975   Thumb Code    48  sign.o(i.LEDConfig)
    NVIC_Init                                0x080009a9   Thumb Code   106  misc.o(i.NVIC_Init)
    PostOrGetRepeat                          0x08000a21   Thumb Code    22  lte_handler.o(i.PostOrGetRepeat)
    RCC_AHB1PeriphClockCmd                   0x08000a39   Thumb Code    26  stm32f4xx_rcc.o(i.RCC_AHB1PeriphClockCmd)
    RCC_APB1PeriphClockCmd                   0x08000a59   Thumb Code    26  stm32f4xx_rcc.o(i.RCC_APB1PeriphClockCmd)
    RCC_APB2PeriphClockCmd                   0x08000a79   Thumb Code    26  stm32f4xx_rcc.o(i.RCC_APB2PeriphClockCmd)
    RCC_DeInit                               0x08000a99   Thumb Code    82  stm32f4xx_rcc.o(i.RCC_DeInit)
    RCC_GetClocksFreq                        0x08000afd   Thumb Code   214  stm32f4xx_rcc.o(i.RCC_GetClocksFreq)
    RCC_GetFlagStatus                        0x08000be5   Thumb Code    60  stm32f4xx_rcc.o(i.RCC_GetFlagStatus)
    RCC_HCLKConfig                           0x08000c25   Thumb Code    18  stm32f4xx_rcc.o(i.RCC_HCLKConfig)
    RCC_HSEConfig                            0x08000c3d   Thumb Code    12  stm32f4xx_rcc.o(i.RCC_HSEConfig)
    RCC_PCLK1Config                          0x08000c4d   Thumb Code    18  stm32f4xx_rcc.o(i.RCC_PCLK1Config)
    RCC_PCLK2Config                          0x08000c65   Thumb Code    20  stm32f4xx_rcc.o(i.RCC_PCLK2Config)
    RCC_PLLCmd                               0x08000c7d   Thumb Code     6  stm32f4xx_rcc.o(i.RCC_PLLCmd)
    RCC_PLLConfig                            0x08000c89   Thumb Code    30  stm32f4xx_rcc.o(i.RCC_PLLConfig)
    RCC_SYSCLKConfig                         0x08000cad   Thumb Code    18  stm32f4xx_rcc.o(i.RCC_SYSCLKConfig)
    RCC_WaitForHSEStartUp                    0x08000cc5   Thumb Code    56  stm32f4xx_rcc.o(i.RCC_WaitForHSEStartUp)
    SystemCoreClockUpdate                    0x08000d65   Thumb Code   170  system_stm32f4xx_1.o(i.SystemCoreClockUpdate)
    SystemInit                               0x08000e25   Thumb Code    14  system_stm32f4xx_1.o(i.SystemInit)
    TIM2_IRQHandler                          0x08000e39   Thumb Code   120  lte_handler.o(i.TIM2_IRQHandler)
    TIM2_InitModuleSim_Config                0x08000ec5   Thumb Code   110  lte_handler.o(i.TIM2_InitModuleSim_Config)
    TIM3_IRQHandler                          0x08000f41   Thumb Code   188  lte_handler.o(i.TIM3_IRQHandler)
    TIM7_Config                              0x0800100d   Thumb Code    78  lte_handler.o(i.TIM7_Config)
    TIM7_IRQHandler                          0x08001061   Thumb Code    66  lte_handler.o(i.TIM7_IRQHandler)
    TIM_ClearITPendingBit                    0x080010b9   Thumb Code     6  stm32f4xx_tim.o(i.TIM_ClearITPendingBit)
    TIM_Cmd                                  0x080010bf   Thumb Code    24  stm32f4xx_tim.o(i.TIM_Cmd)
    TIM_GetITStatus                          0x080010d7   Thumb Code    34  stm32f4xx_tim.o(i.TIM_GetITStatus)
    TIM_ITConfig                             0x080010f9   Thumb Code    18  stm32f4xx_tim.o(i.TIM_ITConfig)
    TIM_SetCounter                           0x0800110b   Thumb Code     4  stm32f4xx_tim.o(i.TIM_SetCounter)
    TIM_TimeBaseInit                         0x08001111   Thumb Code   104  stm32f4xx_tim.o(i.TIM_TimeBaseInit)
    UART_GPS_Config                          0x08001195   Thumb Code   420  gps_handler.o(i.UART_GPS_Config)
    UART_GUI_Config                          0x0800134d   Thumb Code   416  access_gui.o(i.UART_GUI_Config)
    UART_LTE_Config                          0x08001501   Thumb Code   416  lte_handler.o(i.UART_LTE_Config)
    UART_LTE_Transmit                        0x080016b5   Thumb Code    94  lte_handler.o(i.UART_LTE_Transmit)
    USART_Cmd                                0x08001719   Thumb Code    24  stm32f4xx_usart.o(i.USART_Cmd)
    USART_DMACmd                             0x08001731   Thumb Code    18  stm32f4xx_usart.o(i.USART_DMACmd)
    USART_GetFlagStatus                      0x08001743   Thumb Code    26  stm32f4xx_usart.o(i.USART_GetFlagStatus)
    USART_Init                               0x0800175d   Thumb Code   204  stm32f4xx_usart.o(i.USART_Init)
    USART_SendData                           0x08001831   Thumb Code     8  stm32f4xx_usart.o(i.USART_SendData)
    accessToRxBuffSimTIMCofig                0x08001839   Thumb Code    68  lte_handler.o(i.accessToRxBuffSimTIMCofig)
    checkDataIn                              0x08001881   Thumb Code   110  gps_handler.o(i.checkDataIn)
    checkInitATE0OK                          0x080018fd   Thumb Code    76  lte_handler.o(i.checkInitATE0OK)
    checkPB_DONE                             0x08001951   Thumb Code    76  lte_handler.o(i.checkPB_DONE)
    checkSpareDataAfterEnDMARx               0x080019a5   Thumb Code    24  gps_handler.o(i.checkSpareDataAfterEnDMARx)
    delay_ms                                 0x080019bd   Thumb Code    22  delay.o(i.delay_ms)
    delay_us                                 0x080019d5   Thumb Code    32  delay.o(i.delay_us)
    disableTIM2                              0x080019f9   Thumb Code    40  lte_handler.o(i.disableTIM2)
    disableTIM37                             0x08001a25   Thumb Code    56  lte_handler.o(i.disableTIM37)
    getDataFromServer                        0x08001a65   Thumb Code   118  lte_handler.o(i.getDataFromServer)
    main                                     0x08001b0d   Thumb Code    52  main.o(i.main)
    postDataToServer                         0x08001b41   Thumb Code   218  lte_handler.o(i.postDataToServer)
    reEnableDMARx                            0x08001ca1   Thumb Code    48  gps_handler.o(i.reEnableDMARx)
    reEnableDMARxLTE                         0x08001cdd   Thumb Code    48  lte_handler.o(i.reEnableDMARxLTE)
    sendGPSDataToGUI                         0x08001d19   Thumb Code    50  access_gui.o(i.sendGPSDataToGUI)
    sendTaskToGUI                            0x08001d5d   Thumb Code    40  access_gui.o(i.sendTaskToGUI)
    waitForHTTPReadTIM                       0x08001d91   Thumb Code    62  lte_handler.o(i.waitForHTTPReadTIM)
    _fp_init                                 0x08001ddd   Thumb Code    10  fpinit.o(x$fpl$fpinit)
    __fplib_config_fpu_vfp                   0x08001de5   Thumb Code     0  fpinit.o(x$fpl$fpinit)
    __fplib_config_pureend_doubles           0x08001de5   Thumb Code     0  fpinit.o(x$fpl$fpinit)
    AHBPrescTable                            0x08001de6   Data          16  system_stm32f4xx_1.o(.constdata)
    APBPrescTable                            0x08001df6   Data           8  system_stm32f4xx_1.o(.constdata)
    Region$$Table$$Base                      0x08001ef0   Number         0  anon$$obj.o(Region$$Table)
    Region$$Table$$Limit                     0x08001f10   Number         0  anon$$obj.o(Region$$Table)
    SHT$$INIT_ARRAY$$Base                    0x08001f10   Number         0  delay.o(.init_array)
    SHT$$INIT_ARRAY$$Limit                   0x08001f14   Number         0  init_aeabi.o(.init_array)
    rxBufferGUI                              0x20000000   Data           1  access_gui.o(.data)
    getBookingID                             0x20000001   Data           1  lte_handler.o(.data)
    InitSimModule                            0x20000002   Data           2  lte_handler.o(.data)
    simModuleState                           0x20000004   Data           1  lte_handler.o(.data)
    SystemCoreClock                          0x20000018   Data           4  system_stm32f4xx_1.o(.data)
    txBufferGPS                              0x20000020   Data          52  gps_handler.o(.bss)
    rxBufferGPS                              0x20000054   Data          52  gps_handler.o(.bss)
    GPSMsgParam                              0x20000088   Data          16  gps_handler.o(.bss)
    rawLtnInfo                               0x20000098   Data          72  gps_handler.o(.bss)
    desireLtnInfo                            0x200000e0   Data          72  gps_handler.o(.bss)
    txBufferGUI                              0x20000128   Data         106  access_gui.o(.bss)
    txBufferLTE                              0x20000192   Data         100  lte_handler.o(.bss)
    rxBufferLTE                              0x200001f6   Data         136  lte_handler.o(.bss)
    __libspace_start                         0x20000280   Data          96  libspace.o(.bss)
    __temporary_stack_top$libspace           0x200002e0   Data           0  libspace.o(.bss)



==============================================================================

Memory Map of the image

  Image Entry point : 0x0800022d

  Load Region LR_1 (Base: 0x08000000, Size: 0x00001f30, Max: 0xffffffff, ABSOLUTE)

    Execution Region ER_RO (Exec base: 0x08000000, Load base: 0x08000000, Size: 0x00001f14, Max: 0xffffffff, ABSOLUTE)

    Exec Addr    Load Addr    Size         Type   Attr      Idx    E Section Name        Object

    0x08000000   0x08000000   0x00000188   Data   RO         2249    RESET               startup_stm32f407xx.o
    0x08000188   0x08000188   0x00000008   Code   RO         2303  * !!!main             c_w.l(__main.o)
    0x08000190   0x08000190   0x00000034   Code   RO         2493    !!!scatter          c_w.l(__scatter.o)
    0x080001c4   0x080001c4   0x0000001a   Code   RO         2495    !!handler_copy      c_w.l(__scatter_copy.o)
    0x080001de   0x080001de   0x00000002   PAD
    0x080001e0   0x080001e0   0x0000001c   Code   RO         2497    !!handler_zi        c_w.l(__scatter_zi.o)
    0x080001fc   0x080001fc   0x00000002   Code   RO         2414    .ARM.Collect$$libinit$$00000000  c_w.l(libinit.o)
    0x080001fe   0x080001fe   0x00000004   Code   RO         2332    .ARM.Collect$$libinit$$00000001  c_w.l(libinit2.o)
    0x08000202   0x08000202   0x00000000   Code   RO         2335    .ARM.Collect$$libinit$$00000004  c_w.l(libinit2.o)
    0x08000202   0x08000202   0x00000000   Code   RO         2338    .ARM.Collect$$libinit$$0000000A  c_w.l(libinit2.o)
    0x08000202   0x08000202   0x00000000   Code   RO         2340    .ARM.Collect$$libinit$$0000000C  c_w.l(libinit2.o)
    0x08000202   0x08000202   0x00000000   Code   RO         2342    .ARM.Collect$$libinit$$0000000E  c_w.l(libinit2.o)
    0x08000202   0x08000202   0x00000000   Code   RO         2345    .ARM.Collect$$libinit$$00000011  c_w.l(libinit2.o)
    0x08000202   0x08000202   0x00000000   Code   RO         2347    .ARM.Collect$$libinit$$00000013  c_w.l(libinit2.o)
    0x08000202   0x08000202   0x00000000   Code   RO         2349    .ARM.Collect$$libinit$$00000015  c_w.l(libinit2.o)
    0x08000202   0x08000202   0x00000000   Code   RO         2351    .ARM.Collect$$libinit$$00000017  c_w.l(libinit2.o)
    0x08000202   0x08000202   0x00000000   Code   RO         2353    .ARM.Collect$$libinit$$00000019  c_w.l(libinit2.o)
    0x08000202   0x08000202   0x00000000   Code   RO         2355    .ARM.Collect$$libinit$$0000001B  c_w.l(libinit2.o)
    0x08000202   0x08000202   0x00000000   Code   RO         2357    .ARM.Collect$$libinit$$0000001D  c_w.l(libinit2.o)
    0x08000202   0x08000202   0x00000000   Code   RO         2359    .ARM.Collect$$libinit$$0000001F  c_w.l(libinit2.o)
    0x08000202   0x08000202   0x00000000   Code   RO         2361    .ARM.Collect$$libinit$$00000021  c_w.l(libinit2.o)
    0x08000202   0x08000202   0x00000000   Code   RO         2363    .ARM.Collect$$libinit$$00000023  c_w.l(libinit2.o)
    0x08000202   0x08000202   0x00000000   Code   RO         2365    .ARM.Collect$$libinit$$00000025  c_w.l(libinit2.o)
    0x08000202   0x08000202   0x00000000   Code   RO         2369    .ARM.Collect$$libinit$$0000002C  c_w.l(libinit2.o)
    0x08000202   0x08000202   0x00000000   Code   RO         2371    .ARM.Collect$$libinit$$0000002E  c_w.l(libinit2.o)
    0x08000202   0x08000202   0x00000000   Code   RO         2373    .ARM.Collect$$libinit$$00000030  c_w.l(libinit2.o)
    0x08000202   0x08000202   0x00000004   Code   RO         2374    .ARM.Collect$$libinit$$00000031  c_w.l(libinit2.o)
    0x08000206   0x08000206   0x00000000   Code   RO         2375    .ARM.Collect$$libinit$$00000032  c_w.l(libinit2.o)
    0x08000206   0x08000206   0x00000002   Code   RO         2376    .ARM.Collect$$libinit$$00000033  c_w.l(libinit2.o)
    0x08000208   0x08000208   0x00000002   Code   RO         2452    .ARM.Collect$$libshutdown$$00000000  c_w.l(libshutdown.o)
    0x0800020a   0x0800020a   0x00000000   Code   RO         2458    .ARM.Collect$$libshutdown$$00000002  c_w.l(libshutdown2.o)
    0x0800020a   0x0800020a   0x00000000   Code   RO         2460    .ARM.Collect$$libshutdown$$00000004  c_w.l(libshutdown2.o)
    0x0800020a   0x0800020a   0x00000000   Code   RO         2462    .ARM.Collect$$libshutdown$$00000006  c_w.l(libshutdown2.o)
    0x0800020a   0x0800020a   0x00000000   Code   RO         2465    .ARM.Collect$$libshutdown$$00000009  c_w.l(libshutdown2.o)
    0x0800020a   0x0800020a   0x00000000   Code   RO         2468    .ARM.Collect$$libshutdown$$0000000C  c_w.l(libshutdown2.o)
    0x0800020a   0x0800020a   0x00000000   Code   RO         2470    .ARM.Collect$$libshutdown$$0000000E  c_w.l(libshutdown2.o)
    0x0800020a   0x0800020a   0x00000000   Code   RO         2473    .ARM.Collect$$libshutdown$$00000011  c_w.l(libshutdown2.o)
    0x0800020a   0x0800020a   0x00000002   Code   RO         2474    .ARM.Collect$$libshutdown$$00000012  c_w.l(libshutdown2.o)
    0x0800020c   0x0800020c   0x00000000   Code   RO         2329    .ARM.Collect$$rtentry$$00000000  c_w.l(__rtentry.o)
    0x0800020c   0x0800020c   0x00000000   Code   RO         2383    .ARM.Collect$$rtentry$$00000002  c_w.l(__rtentry2.o)
    0x0800020c   0x0800020c   0x00000006   Code   RO         2395    .ARM.Collect$$rtentry$$00000004  c_w.l(__rtentry4.o)
    0x08000212   0x08000212   0x00000000   Code   RO         2385    .ARM.Collect$$rtentry$$00000009  c_w.l(__rtentry2.o)
    0x08000212   0x08000212   0x00000004   Code   RO         2386    .ARM.Collect$$rtentry$$0000000A  c_w.l(__rtentry2.o)
    0x08000216   0x08000216   0x00000000   Code   RO         2388    .ARM.Collect$$rtentry$$0000000C  c_w.l(__rtentry2.o)
    0x08000216   0x08000216   0x00000008   Code   RO         2389    .ARM.Collect$$rtentry$$0000000D  c_w.l(__rtentry2.o)
    0x0800021e   0x0800021e   0x00000002   Code   RO         2420    .ARM.Collect$$rtexit$$00000000  c_w.l(rtexit.o)
    0x08000220   0x08000220   0x00000000   Code   RO         2432    .ARM.Collect$$rtexit$$00000002  c_w.l(rtexit2.o)
    0x08000220   0x08000220   0x00000004   Code   RO         2433    .ARM.Collect$$rtexit$$00000003  c_w.l(rtexit2.o)
    0x08000224   0x08000224   0x00000006   Code   RO         2434    .ARM.Collect$$rtexit$$00000004  c_w.l(rtexit2.o)
    0x0800022a   0x0800022a   0x00000002   PAD
    0x0800022c   0x0800022c   0x00000040   Code   RO         2250  * .text               startup_stm32f407xx.o
    0x0800026c   0x0800026c   0x0000003e   Code   RO         2293    .text               c_w.l(strlen.o)
    0x080002aa   0x080002aa   0x0000008a   Code   RO         2295    .text               c_w.l(rt_memcpy_v6.o)
    0x08000334   0x08000334   0x00000064   Code   RO         2297    .text               c_w.l(rt_memcpy_w.o)
    0x08000398   0x08000398   0x00000044   Code   RO         2299    .text               c_w.l(rt_memclr.o)
    0x080003dc   0x080003dc   0x00000006   Code   RO         2301    .text               c_w.l(heapauxi.o)
    0x080003e2   0x080003e2   0x00000002   PAD
    0x080003e4   0x080003e4   0x00000024   Code   RO         2308    .text               c_w.l(init_aeabi.o)
    0x08000408   0x08000408   0x0000004e   Code   RO         2330    .text               c_w.l(rt_memclr_w.o)
    0x08000456   0x08000456   0x0000004a   Code   RO         2401    .text               c_w.l(sys_stackheap_outer.o)
    0x080004a0   0x080004a0   0x00000012   Code   RO         2403    .text               c_w.l(exit.o)
    0x080004b2   0x080004b2   0x00000002   PAD
    0x080004b4   0x080004b4   0x00000008   Code   RO         2417    .text               c_w.l(libspace.o)
    0x080004bc   0x080004bc   0x00000002   Code   RO         2428    .text               c_w.l(use_no_semi.o)
    0x080004be   0x080004be   0x00000000   Code   RO         2430    .text               c_w.l(indicate_semi.o)
    0x080004be   0x080004be   0x00000002   PAD
    0x080004c0   0x080004c0   0x0000000c   Code   RO         2444    .text               c_w.l(sys_exit.o)
    0x080004cc   0x080004cc   0x00000048   Code   RO          290    i.Config            delay.o
    0x08000514   0x08000514   0x0000002c   Code   RO          187    i.DMA1_Stream1_IRQHandler  gps_handler.o
    0x08000540   0x08000540   0x00000094   Code   RO          446    i.DMA1_Stream5_IRQHandler  lte_handler.o
    0x080005d4   0x080005d4   0x0000008c   Code   RO          396    i.DMA2_Stream2_IRQHandler  access_gui.o
    0x08000660   0x08000660   0x00000034   Code   RO          662    i.DMA_ClearFlag     stm32f4xx_dma.o
    0x08000694   0x08000694   0x00000034   Code   RO          663    i.DMA_ClearITPendingBit  stm32f4xx_dma.o
    0x080006c8   0x080006c8   0x00000016   Code   RO          664    i.DMA_Cmd           stm32f4xx_dma.o
    0x080006de   0x080006de   0x00000002   PAD
    0x080006e0   0x080006e0   0x00000064   Code   RO          674    i.DMA_GetITStatus   stm32f4xx_dma.o
    0x08000744   0x08000744   0x0000003a   Code   RO          675    i.DMA_ITConfig      stm32f4xx_dma.o
    0x0800077e   0x0800077e   0x00000002   PAD
    0x08000780   0x08000780   0x00000058   Code   RO          676    i.DMA_Init          stm32f4xx_dma.o
    0x080007d8   0x080007d8   0x0000000a   Code   RO          677    i.DMA_MemoryTargetConfig  stm32f4xx_dma.o
    0x080007e2   0x080007e2   0x00000004   Code   RO          679    i.DMA_SetCurrDataCounter  stm32f4xx_dma.o
    0x080007e6   0x080007e6   0x00000002   PAD
    0x080007e8   0x080007e8   0x0000000c   Code   RO         2029    i.FLASH_SetLatency  stm32f4xx_flash.o
    0x080007f4   0x080007f4   0x00000048   Code   RO          188    i.GPGLL_analysis    gps_handler.o
    0x0800083c   0x0800083c   0x00000090   Code   RO          795    i.GPIO_Init         stm32f4xx_gpio.o
    0x080008cc   0x080008cc   0x00000046   Code   RO          796    i.GPIO_PinAFConfig  stm32f4xx_gpio.o
    0x08000912   0x08000912   0x00000004   Code   RO          803    i.GPIO_SetBits      stm32f4xx_gpio.o
    0x08000916   0x08000916   0x00000008   Code   RO          805    i.GPIO_ToggleBits   stm32f4xx_gpio.o
    0x0800091e   0x0800091e   0x00000002   PAD
    0x08000920   0x08000920   0x00000038   Code   RO          447    i.HTTPReadData      lte_handler.o
    0x08000958   0x08000958   0x0000001c   Code   RO          448    i.Init_SimModule    lte_handler.o
    0x08000974   0x08000974   0x00000034   Code   RO          266    i.LEDConfig         sign.o
    0x080009a8   0x080009a8   0x00000078   Code   RO          614    i.NVIC_Init         misc.o
    0x08000a20   0x08000a20   0x00000016   Code   RO          449    i.PostOrGetRepeat   lte_handler.o
    0x08000a36   0x08000a36   0x00000002   PAD
    0x08000a38   0x08000a38   0x00000020   Code   RO          896    i.RCC_AHB1PeriphClockCmd  stm32f4xx_rcc.o
    0x08000a58   0x08000a58   0x00000020   Code   RO          905    i.RCC_APB1PeriphClockCmd  stm32f4xx_rcc.o
    0x08000a78   0x08000a78   0x00000020   Code   RO          908    i.RCC_APB2PeriphClockCmd  stm32f4xx_rcc.o
    0x08000a98   0x08000a98   0x00000064   Code   RO          916    i.RCC_DeInit        stm32f4xx_rcc.o
    0x08000afc   0x08000afc   0x000000e8   Code   RO          917    i.RCC_GetClocksFreq  stm32f4xx_rcc.o
    0x08000be4   0x08000be4   0x00000040   Code   RO          918    i.RCC_GetFlagStatus  stm32f4xx_rcc.o
    0x08000c24   0x08000c24   0x00000018   Code   RO          921    i.RCC_HCLKConfig    stm32f4xx_rcc.o
    0x08000c3c   0x08000c3c   0x00000010   Code   RO          922    i.RCC_HSEConfig     stm32f4xx_rcc.o
    0x08000c4c   0x08000c4c   0x00000018   Code   RO          932    i.RCC_PCLK1Config   stm32f4xx_rcc.o
    0x08000c64   0x08000c64   0x00000018   Code   RO          933    i.RCC_PCLK2Config   stm32f4xx_rcc.o
    0x08000c7c   0x08000c7c   0x0000000c   Code   RO          934    i.RCC_PLLCmd        stm32f4xx_rcc.o
    0x08000c88   0x08000c88   0x00000024   Code   RO          935    i.RCC_PLLConfig     stm32f4xx_rcc.o
    0x08000cac   0x08000cac   0x00000018   Code   RO          946    i.RCC_SYSCLKConfig  stm32f4xx_rcc.o
    0x08000cc4   0x08000cc4   0x00000038   Code   RO          948    i.RCC_WaitForHSEStartUp  stm32f4xx_rcc.o
    0x08000cfc   0x08000cfc   0x00000068   Code   RO            4    i.SystemClock_Config  main.o
    0x08000d64   0x08000d64   0x000000c0   Code   RO         2257    i.SystemCoreClockUpdate  system_stm32f4xx_1.o
    0x08000e24   0x08000e24   0x00000014   Code   RO         2258    i.SystemInit        system_stm32f4xx_1.o
    0x08000e38   0x08000e38   0x0000008c   Code   RO          450    i.TIM2_IRQHandler   lte_handler.o
    0x08000ec4   0x08000ec4   0x0000007c   Code   RO          451    i.TIM2_InitModuleSim_Config  lte_handler.o
    0x08000f40   0x08000f40   0x000000cc   Code   RO          452    i.TIM3_IRQHandler   lte_handler.o
    0x0800100c   0x0800100c   0x00000054   Code   RO          453    i.TIM7_Config       lte_handler.o
    0x08001060   0x08001060   0x00000058   Code   RO          454    i.TIM7_IRQHandler   lte_handler.o
    0x080010b8   0x080010b8   0x00000006   Code   RO         1245    i.TIM_ClearITPendingBit  stm32f4xx_tim.o
    0x080010be   0x080010be   0x00000018   Code   RO         1250    i.TIM_Cmd           stm32f4xx_tim.o
    0x080010d6   0x080010d6   0x00000022   Code   RO         1271    i.TIM_GetITStatus   stm32f4xx_tim.o
    0x080010f8   0x080010f8   0x00000012   Code   RO         1275    i.TIM_ITConfig      stm32f4xx_tim.o
    0x0800110a   0x0800110a   0x00000004   Code   RO         1316    i.TIM_SetCounter    stm32f4xx_tim.o
    0x0800110e   0x0800110e   0x00000002   PAD
    0x08001110   0x08001110   0x00000084   Code   RO         1322    i.TIM_TimeBaseInit  stm32f4xx_tim.o
    0x08001194   0x08001194   0x000001b8   Code   RO          190    i.UART_GPS_Config   gps_handler.o
    0x0800134c   0x0800134c   0x000001b4   Code   RO          397    i.UART_GUI_Config   access_gui.o
    0x08001500   0x08001500   0x000001b4   Code   RO          455    i.UART_LTE_Config   lte_handler.o
    0x080016b4   0x080016b4   0x00000064   Code   RO          456    i.UART_LTE_Transmit  lte_handler.o
    0x08001718   0x08001718   0x00000018   Code   RO         1804    i.USART_Cmd         stm32f4xx_usart.o
    0x08001730   0x08001730   0x00000012   Code   RO         1805    i.USART_DMACmd      stm32f4xx_usart.o
    0x08001742   0x08001742   0x0000001a   Code   RO         1807    i.USART_GetFlagStatus  stm32f4xx_usart.o
    0x0800175c   0x0800175c   0x000000d4   Code   RO         1811    i.USART_Init        stm32f4xx_usart.o
    0x08001830   0x08001830   0x00000008   Code   RO         1821    i.USART_SendData    stm32f4xx_usart.o
    0x08001838   0x08001838   0x00000048   Code   RO          457    i.accessToRxBuffSimTIMCofig  lte_handler.o
    0x08001880   0x08001880   0x0000007c   Code   RO          193    i.checkDataIn       gps_handler.o
    0x080018fc   0x080018fc   0x00000054   Code   RO          458    i.checkInitATE0OK   lte_handler.o
    0x08001950   0x08001950   0x00000054   Code   RO          459    i.checkPB_DONE      lte_handler.o
    0x080019a4   0x080019a4   0x00000018   Code   RO          194    i.checkSpareDataAfterEnDMARx  gps_handler.o
    0x080019bc   0x080019bc   0x00000016   Code   RO          291    i.delay_ms          delay.o
    0x080019d2   0x080019d2   0x00000002   PAD
    0x080019d4   0x080019d4   0x00000024   Code   RO          292    i.delay_us          delay.o
    0x080019f8   0x080019f8   0x0000002c   Code   RO          460    i.disableTIM2       lte_handler.o
    0x08001a24   0x08001a24   0x00000040   Code   RO          461    i.disableTIM37      lte_handler.o
    0x08001a64   0x08001a64   0x000000a8   Code   RO          462    i.getDataFromServer  lte_handler.o
    0x08001b0c   0x08001b0c   0x00000034   Code   RO            5    i.main              main.o
    0x08001b40   0x08001b40   0x00000160   Code   RO          463    i.postDataToServer  lte_handler.o
    0x08001ca0   0x08001ca0   0x0000003c   Code   RO          195    i.reEnableDMARx     gps_handler.o
    0x08001cdc   0x08001cdc   0x0000003c   Code   RO          464    i.reEnableDMARxLTE  lte_handler.o
    0x08001d18   0x08001d18   0x00000044   Code   RO          398    i.sendGPSDataToGUI  access_gui.o
    0x08001d5c   0x08001d5c   0x00000034   Code   RO          399    i.sendTaskToGUI     access_gui.o
    0x08001d90   0x08001d90   0x0000004c   Code   RO          465    i.waitForHTTPReadTIM  lte_handler.o
    0x08001ddc   0x08001ddc   0x0000000a   Code   RO         2399    x$fpl$fpinit        fz_wm.l(fpinit.o)
    0x08001de6   0x08001de6   0x00000018   Data   RO         2259    .constdata          system_stm32f4xx_1.o
    0x08001dfe   0x08001dfe   0x00000002   PAD
    0x08001e00   0x08001e00   0x000000f0   Data   RO          467    .conststring        lte_handler.o
    0x08001ef0   0x08001ef0   0x00000020   Data   RO         2491    Region$$Table       anon$$obj.o
    0x08001f10   0x08001f10   0x00000004   Data   RO          293    .init_array         delay.o
    0x08001f14   0x08001f10   0x00000000   Data   RO         2306    .init_array         c_w.l(init_aeabi.o)


    Execution Region ER_RW (Exec base: 0x20000000, Load base: 0x08001f14, Size: 0x0000001c, Max: 0xffffffff, ABSOLUTE)

    Exec Addr    Load Addr    Size         Type   Attr      Idx    E Section Name        Object

    0x20000000   0x08001f14   0x00000001   Data   RW          401    .data               access_gui.o
    0x20000001   0x08001f15   0x00000004   Data   RW          468    .data               lte_handler.o
    0x20000005   0x08001f19   0x00000010   Data   RW          949    .data               stm32f4xx_rcc.o
    0x20000015   0x08001f29   0x00000003   PAD
    0x20000018   0x08001f2c   0x00000004   Data   RW         2260    .data               system_stm32f4xx_1.o


    Execution Region ER_ZI (Exec base: 0x2000001c, Load base: 0x08001f30, Size: 0x000008c4, Max: 0xffffffff, ABSOLUTE)

    Exec Addr    Load Addr    Size         Type   Attr      Idx    E Section Name        Object

    0x2000001c   0x08001f30   0x00000004   PAD
    0x20000020        -       0x00000108   Zero   RW          196    .bss                gps_handler.o
    0x20000128        -       0x0000006a   Zero   RW          400    .bss                access_gui.o
    0x20000192        -       0x000000ec   Zero   RW          466    .bss                lte_handler.o
    0x2000027e   0x08001f30   0x00000002   PAD
    0x20000280        -       0x00000060   Zero   RW         2418    .bss                c_w.l(libspace.o)
    0x200002e0        -       0x00000200   Zero   RW         2248    HEAP                startup_stm32f407xx.o
    0x200004e0        -       0x00000400   Zero   RW         2247    STACK               startup_stm32f407xx.o


==============================================================================

Image component sizes


      Code (inc. data)   RO Data    RW Data    ZI Data      Debug   Object Name

       696         76          0          1        106       4197   access_gui.o
       130          8          4          0          0       1619   delay.o
       764         64          0          0        264       6795   gps_handler.o
      2434        400        240          4        236      15307   lte_handler.o
       156          0          0          0          0     305123   main.o
       120         14          0          0          0       1128   misc.o
        52          4          0          0          0        524   sign.o
        64         26        392          0       1536        884   startup_stm32f407xx.o
       386         52          0          0          0       6752   stm32f4xx_dma.o
        12          6          0          0          0        587   stm32f4xx_flash.o
       226          0          0          0          0       3144   stm32f4xx_gpio.o
       708         96          0         16          0      11301   stm32f4xx_rcc.o
       218         28          0          0          0       4587   stm32f4xx_tim.o
       288          8          0          0          0       4195   stm32f4xx_usart.o
       212         28         24          4          0       1931   system_stm32f4xx_1.o

    ----------------------------------------------------------------------
      6480        810        694         28       2148     368074   Object Totals
         0          0         32          0          0          0   (incl. Generated)
        14          0          2          3          6          0   (incl. Padding)

    ----------------------------------------------------------------------

      Code (inc. data)   RO Data    RW Data    ZI Data      Debug   Library Member Name

         8          0          0          0          0         68   __main.o
         0          0          0          0          0          0   __rtentry.o
        12          0          0          0          0          0   __rtentry2.o
         6          0          0          0          0          0   __rtentry4.o
        52          8          0          0          0          0   __scatter.o
        26          0          0          0          0          0   __scatter_copy.o
        28          0          0          0          0          0   __scatter_zi.o
        18          0          0          0          0         80   exit.o
         6          0          0          0          0        152   heapauxi.o
         0          0          0          0          0          0   indicate_semi.o
        36         10          0          0          0         80   init_aeabi.o
         2          0          0          0          0          0   libinit.o
        10          0          0          0          0          0   libinit2.o
         2          0          0          0          0          0   libshutdown.o
         2          0          0          0          0          0   libshutdown2.o
         8          4          0          0         96         68   libspace.o
        68          0          0          0          0         68   rt_memclr.o
        78          0          0          0          0         80   rt_memclr_w.o
       138          0          0          0          0         68   rt_memcpy_v6.o
       100          0          0          0          0         80   rt_memcpy_w.o
         2          0          0          0          0          0   rtexit.o
        10          0          0          0          0          0   rtexit2.o
        62          0          0          0          0         76   strlen.o
        12          4          0          0          0         68   sys_exit.o
        74          0          0          0          0         80   sys_stackheap_outer.o
         2          0          0          0          0         68   use_no_semi.o
        10          0          0          0          0        116   fpinit.o

    ----------------------------------------------------------------------
       782         26          0          0         96       1152   Library Totals
        10          0          0          0          0          0   (incl. Padding)

    ----------------------------------------------------------------------

      Code (inc. data)   RO Data    RW Data    ZI Data      Debug   Library Name

       762         26          0          0         96       1036   c_w.l
        10          0          0          0          0        116   fz_wm.l

    ----------------------------------------------------------------------
       782         26          0          0         96       1152   Library Totals

    ----------------------------------------------------------------------

==============================================================================


      Code (inc. data)   RO Data    RW Data    ZI Data      Debug   

      7262        836        694         28       2244     361458   Grand Totals
      7262        836        694         28       2244     361458   ELF Image Totals
      7262        836        694         28          0          0   ROM Totals

==============================================================================

    Total RO  Size (Code + RO Data)                 7956 (   7.77kB)
    Total RW  Size (RW Data + ZI Data)              2272 (   2.22kB)
    Total ROM Size (Code + RO Data + RW Data)       7984 (   7.80kB)

==============================================================================

